2026-05-17 18:26:37 [main] INFO  com.plataforma_lc.eurekaServer.EurekaServerApplication - Starting EurekaServerApplication using Java 22.0.2 with PID 2196 (C:\Users\UsuarioCompuElite\Desktop\trabajo_full_3\plataforma_lc_digital\plataforma_lc\sistema_infra\eurekaServer\target\classes started by UsuarioCompuElite in C:\Users\UsuarioCompuElite\Desktop\trabajo_full_3\plataforma_lc_digital\plataforma_lc\sistema_infra\eurekaServer)
2026-05-17 18:26:37 [main] INFO  com.plataforma_lc.eurekaServer.EurekaServerApplication - No active profile set, falling back to 1 default profile: "default"
2026-05-17 18:26:38 [main] INFO  org.springframework.cloud.context.scope.GenericScope - BeanFactory id=57f86799-46fa-3d2d-ab22-fdd527bc2d0b
2026-05-17 18:26:38 [main] INFO  org.springframework.boot.tomcat.TomcatWebServer - Tomcat initialized with port 8761 (http)
2026-05-17 18:26:38 [main] INFO  org.apache.catalina.core.StandardService - Starting service [Tomcat]
2026-05-17 18:26:38 [main] INFO  org.apache.catalina.core.StandardEngine - Starting Servlet engine: [Apache Tomcat/11.0.18]
2026-05-17 18:26:38 [main] INFO  org.springframework.boot.web.context.servlet.WebApplicationContextInitializer - Root WebApplicationContext: initialization completed in 1336 ms
2026-05-17 18:26:39 [main] INFO  com.netflix.discovery.provider.DiscoveryJerseyProvider - Using JSON encoding codec LegacyJacksonJson
2026-05-17 18:26:39 [main] INFO  com.netflix.discovery.provider.DiscoveryJerseyProvider - Using JSON decoding codec LegacyJacksonJson
2026-05-17 18:26:39 [main] INFO  com.netflix.discovery.provider.DiscoveryJerseyProvider - Using XML encoding codec XStreamXml
2026-05-17 18:26:39 [main] INFO  com.netflix.discovery.provider.DiscoveryJerseyProvider - Using XML decoding codec XStreamXml
2026-05-17 18:26:39 [main] INFO  org.springframework.validation.beanvalidation.OptionalValidatorFactoryBean - Failed to set up a Bean Validation provider: jakarta.validation.NoProviderFoundException: Unable to create a Configuration, because no Jakarta Validation provider could be found. Add a provider like Hibernate Validator (RI) to your classpath.
2026-05-17 18:26:41 [main] INFO  org.springframework.cloud.commons.util.InetUtils - Cannot determine local hostname
2026-05-17 18:26:42 [main] INFO  org.springframework.cloud.commons.util.InetUtils - Cannot determine local hostname
2026-05-17 18:26:42 [main] WARN  org.springframework.cloud.loadbalancer.config.LoadBalancerCacheAutoConfiguration$LoadBalancerCaffeineWarnLogger - Spring Cloud LoadBalancer is currently working with the default cache. While this cache implementation is useful for development and tests, it's recommended to use Caffeine cache in production.You can switch to using Caffeine cache, by adding it and org.springframework.cache.caffeine.CaffeineCacheManager to the classpath.
2026-05-17 18:26:42 [main] INFO  org.springframework.cloud.netflix.eureka.InstanceInfoFactory - Setting initial instance status as: STARTING
2026-05-17 18:26:42 [main] INFO  com.netflix.discovery.DiscoveryClient - Initializing Eureka in region us-east-1
2026-05-17 18:26:42 [main] INFO  com.netflix.discovery.DiscoveryClient - Client configured to neither register nor query for data.
2026-05-17 18:26:42 [main] INFO  com.netflix.discovery.DiscoveryClient - Discovery Client initialized at timestamp 1779056802392 with initial instances count: 0
2026-05-17 18:26:42 [main] INFO  com.netflix.eureka.DefaultEurekaServerContext - Initializing ...
2026-05-17 18:26:42 [main] WARN  com.netflix.eureka.cluster.PeerEurekaNodes - The replica size seems to be empty. Check the route 53 DNS Registry
2026-05-17 18:26:42 [main] INFO  com.netflix.eureka.registry.AbstractInstanceRegistry - Finished initializing remote region registries. All known remote regions: []
2026-05-17 18:26:42 [main] INFO  com.netflix.eureka.DefaultEurekaServerContext - Initialized
2026-05-17 18:26:42 [main] INFO  org.springframework.cloud.netflix.eureka.serviceregistry.EurekaServiceRegistry - Registering application EUREKA-SERVER with eureka with status UP
2026-05-17 18:26:42 [Thread-10] INFO  org.springframework.cloud.netflix.eureka.server.EurekaServerBootstrap - isAws returned false
2026-05-17 18:26:42 [Thread-10] INFO  org.springframework.cloud.netflix.eureka.server.EurekaServerBootstrap - Initialized server context
2026-05-17 18:26:42 [Thread-10] INFO  com.netflix.eureka.registry.PeerAwareInstanceRegistryImpl - Got 1 instances from neighboring DS node
2026-05-17 18:26:42 [Thread-10] INFO  com.netflix.eureka.registry.PeerAwareInstanceRegistryImpl - Renew threshold is: 1
2026-05-17 18:26:42 [Thread-10] INFO  com.netflix.eureka.registry.PeerAwareInstanceRegistryImpl - Changing status to UP
2026-05-17 18:26:42 [Thread-10] INFO  org.springframework.cloud.netflix.eureka.server.EurekaServerInitializerConfiguration - Started Eureka Server
2026-05-17 18:26:42 [main] INFO  org.springframework.boot.tomcat.TomcatWebServer - Tomcat started on port 8761 (http) with context path '/'
2026-05-17 18:26:42 [main] INFO  org.springframework.cloud.netflix.eureka.serviceregistry.EurekaAutoServiceRegistration - Updating port to 8761
2026-05-17 18:26:43 [main] INFO  org.springframework.cloud.commons.util.InetUtils - Cannot determine local hostname
2026-05-17 18:26:43 [main] INFO  com.plataforma_lc.eurekaServer.EurekaServerApplication - Started EurekaServerApplication in 7.864 seconds (process running for 8.436)
2026-05-17 18:27:04 [http-nio-8761-exec-2] INFO  org.apache.catalina.core.ContainerBase.[Tomcat].[localhost].[/] - Initializing Spring DispatcherServlet 'dispatcherServlet'
2026-05-17 18:27:04 [http-nio-8761-exec-2] INFO  org.springframework.web.servlet.DispatcherServlet - Initializing Servlet 'dispatcherServlet'
2026-05-17 18:27:04 [http-nio-8761-exec-2] INFO  org.springframework.web.servlet.DispatcherServlet - Completed initialization in 1 ms
2026-05-17 18:27:04 [http-nio-8761-exec-1] WARN  com.netflix.eureka.registry.AbstractInstanceRegistry - DS: Registry: lease doesn't exist, registering resource: APIGATEWAY - localhost:apiGateway:8085
2026-05-17 18:27:04 [http-nio-8761-exec-1] WARN  com.netflix.eureka.resources.InstanceResource - Not Found (Renew): APIGATEWAY - localhost:apiGateway:8085
2026-05-17 18:27:04 [http-nio-8761-exec-3] INFO  com.netflix.eureka.registry.AbstractInstanceRegistry - Registered instance APIGATEWAY/localhost:apiGateway:8085 with status UP (replication=false)
2026-05-17 18:27:04 [http-nio-8761-exec-3] INFO  com.plataforma_lc.eurekaServer.listeners.EurekaEventListener - [SERVICIO REGISTRADO] Servicio: APIGATEWAY | Instancia: localhost:apiGateway:8085 | Timestamp: 2026-05-17T18:27:04.428926800
2026-05-17 18:27:04 [http-nio-8761-exec-4] INFO  com.netflix.eureka.registry.AbstractInstanceRegistry - Registered instance APIGATEWAY/localhost:apiGateway:8085 with status UP (replication=false)
2026-05-17 18:27:04 [http-nio-8761-exec-4] INFO  com.plataforma_lc.eurekaServer.listeners.EurekaEventListener - [SERVICIO REGISTRADO] Servicio: APIGATEWAY | Instancia: localhost:apiGateway:8085 | Timestamp: 2026-05-17T18:27:04.454518700
2026-05-17 18:27:07 [http-nio-8761-exec-6] INFO  com.netflix.eureka.registry.AbstractInstanceRegistry - Registered instance CURSO/localhost:curso:8081 with status UP (replication=false)
2026-05-17 18:27:07 [http-nio-8761-exec-6] INFO  com.plataforma_lc.eurekaServer.listeners.EurekaEventListener - [SERVICIO REGISTRADO] Servicio: CURSO | Instancia: localhost:curso:8081 | Timestamp: 2026-05-17T18:27:07.986182400
2026-05-17 18:27:34 [http-nio-8761-exec-5] INFO  com.plataforma_lc.eurekaServer.listeners.EurekaEventListener - [SERVICIO ACTIVO] Servicio: APIGATEWAY | Instancia: localhost:apiGateway:8085 | Timestamp: 2026-05-17T18:27:34.493799700
2026-05-17 18:27:37 [http-nio-8761-exec-6] INFO  com.plataforma_lc.eurekaServer.listeners.EurekaEventListener - [SERVICIO ACTIVO] Servicio: CURSO | Instancia: localhost:curso:8081 | Timestamp: 2026-05-17T18:27:37.967972
2026-05-17 18:27:42 [Eureka-EvictionTimer] INFO  com.netflix.eureka.registry.AbstractInstanceRegistry - Running the evict task with compensationTime 0ms
2026-05-17 18:28:04 [http-nio-8761-exec-2] INFO  com.plataforma_lc.eurekaServer.listeners.EurekaEventListener - [SERVICIO ACTIVO] Servicio: APIGATEWAY | Instancia: localhost:apiGateway:8085 | Timestamp: 2026-05-17T18:28:04.527192200
2026-05-17 18:28:34 [http-nio-8761-exec-10] INFO  com.plataforma_lc.eurekaServer.listeners.EurekaEventListener - [SERVICIO ACTIVO] Servicio: APIGATEWAY | Instancia: localhost:apiGateway:8085 | Timestamp: 2026-05-17T18:28:34.547920100
2026-05-17 18:28:42 [Eureka-EvictionTimer] INFO  com.netflix.eureka.registry.AbstractInstanceRegistry - Running the evict task with compensationTime 0ms
2026-05-17 18:29:04 [http-nio-8761-exec-3] INFO  com.plataforma_lc.eurekaServer.listeners.EurekaEventListener - [SERVICIO ACTIVO] Servicio: APIGATEWAY | Instancia: localhost:apiGateway:8085 | Timestamp: 2026-05-17T18:29:04.570710100
2026-05-17 18:29:34 [http-nio-8761-exec-9] INFO  com.plataforma_lc.eurekaServer.listeners.EurekaEventListener - [SERVICIO ACTIVO] Servicio: APIGATEWAY | Instancia: localhost:apiGateway:8085 | Timestamp: 2026-05-17T18:29:34.604743900
2026-05-17 18:29:42 [Eureka-EvictionTimer] INFO  com.netflix.eureka.registry.AbstractInstanceRegistry - Running the evict task with compensationTime 13ms
2026-05-17 18:30:04 [http-nio-8761-exec-1] INFO  com.plataforma_lc.eurekaServer.listeners.EurekaEventListener - [SERVICIO ACTIVO] Servicio: APIGATEWAY | Instancia: localhost:apiGateway:8085 | Timestamp: 2026-05-17T18:30:04.630898200
2026-05-17 18:30:34 [http-nio-8761-exec-9] INFO  com.plataforma_lc.eurekaServer.listeners.EurekaEventListener - [SERVICIO ACTIVO] Servicio: APIGATEWAY | Instancia: localhost:apiGateway:8085 | Timestamp: 2026-05-17T18:30:34.664501300
2026-05-17 18:30:42 [Eureka-EvictionTimer] INFO  com.netflix.eureka.registry.AbstractInstanceRegistry - Running the evict task with compensationTime 6ms
2026-05-17 18:31:04 [http-nio-8761-exec-8] INFO  com.plataforma_lc.eurekaServer.listeners.EurekaEventListener - [SERVICIO ACTIVO] Servicio: APIGATEWAY | Instancia: localhost:apiGateway:8085 | Timestamp: 2026-05-17T18:31:04.692141200
2026-05-17 18:31:34 [http-nio-8761-exec-1] INFO  com.plataforma_lc.eurekaServer.listeners.EurekaEventListener - [SERVICIO ACTIVO] Servicio: APIGATEWAY | Instancia: localhost:apiGateway:8085 | Timestamp: 2026-05-17T18:31:34.715512100
2026-05-17 18:31:42 [Eureka-EvictionTimer] INFO  com.netflix.eureka.registry.AbstractInstanceRegistry - Running the evict task with compensationTime 2ms
2026-05-17 18:31:51 [main] INFO  com.plataforma_lc.eurekaServer.EurekaServerApplication - Starting EurekaServerApplication using Java 22.0.2 with PID 1932 (C:\Users\UsuarioCompuElite\Desktop\trabajo_full_3\plataforma_lc_digital\plataforma_lc\sistema_infra\eurekaServer\target\classes started by UsuarioCompuElite in C:\Users\UsuarioCompuElite\Desktop\trabajo_full_3\plataforma_lc_digital\plataforma_lc\sistema_infra\eurekaServer)
2026-05-17 18:31:51 [main] INFO  com.plataforma_lc.eurekaServer.EurekaServerApplication - No active profile set, falling back to 1 default profile: "default"
2026-05-17 18:31:52 [main] INFO  org.springframework.cloud.context.scope.GenericScope - BeanFactory id=57f86799-46fa-3d2d-ab22-fdd527bc2d0b
2026-05-17 18:31:52 [main] INFO  org.springframework.boot.tomcat.TomcatWebServer - Tomcat initialized with port 8761 (http)
2026-05-17 18:31:52 [main] INFO  org.apache.catalina.core.StandardService - Starting service [Tomcat]
2026-05-17 18:31:52 [main] INFO  org.apache.catalina.core.StandardEngine - Starting Servlet engine: [Apache Tomcat/11.0.18]
2026-05-17 18:31:52 [main] INFO  org.springframework.boot.web.context.servlet.WebApplicationContextInitializer - Root WebApplicationContext: initialization completed in 1313 ms
2026-05-17 18:31:53 [main] INFO  com.netflix.discovery.provider.DiscoveryJerseyProvider - Using JSON encoding codec LegacyJacksonJson
2026-05-17 18:31:53 [main] INFO  com.netflix.discovery.provider.DiscoveryJerseyProvider - Using JSON decoding codec LegacyJacksonJson
2026-05-17 18:31:53 [main] INFO  com.netflix.discovery.provider.DiscoveryJerseyProvider - Using XML encoding codec XStreamXml
2026-05-17 18:31:53 [main] INFO  com.netflix.discovery.provider.DiscoveryJerseyProvider - Using XML decoding codec XStreamXml
2026-05-17 18:31:53 [main] INFO  org.springframework.validation.beanvalidation.OptionalValidatorFactoryBean - Failed to set up a Bean Validation provider: jakarta.validation.NoProviderFoundException: Unable to create a Configuration, because no Jakarta Validation provider could be found. Add a provider like Hibernate Validator (RI) to your classpath.
2026-05-17 18:31:55 [main] INFO  org.springframework.cloud.commons.util.InetUtils - Cannot determine local hostname
2026-05-17 18:31:56 [main] INFO  org.springframework.cloud.commons.util.InetUtils - Cannot determine local hostname
2026-05-17 18:31:56 [main] WARN  org.springframework.cloud.loadbalancer.config.LoadBalancerCacheAutoConfiguration$LoadBalancerCaffeineWarnLogger - Spring Cloud LoadBalancer is currently working with the default cache. While this cache implementation is useful for development and tests, it's recommended to use Caffeine cache in production.You can switch to using Caffeine cache, by adding it and org.springframework.cache.caffeine.CaffeineCacheManager to the classpath.
2026-05-17 18:31:56 [main] INFO  org.springframework.cloud.netflix.eureka.InstanceInfoFactory - Setting initial instance status as: STARTING
2026-05-17 18:31:56 [main] INFO  com.netflix.discovery.DiscoveryClient - Initializing Eureka in region us-east-1
2026-05-17 18:31:56 [main] INFO  com.netflix.discovery.DiscoveryClient - Client configured to neither register nor query for data.
2026-05-17 18:31:56 [main] INFO  com.netflix.discovery.DiscoveryClient - Discovery Client initialized at timestamp 1779057116574 with initial instances count: 0
2026-05-17 18:31:56 [main] INFO  com.netflix.eureka.DefaultEurekaServerContext - Initializing ...
2026-05-17 18:31:56 [main] WARN  com.netflix.eureka.cluster.PeerEurekaNodes - The replica size seems to be empty. Check the route 53 DNS Registry
2026-05-17 18:31:56 [main] INFO  com.netflix.eureka.registry.AbstractInstanceRegistry - Finished initializing remote region registries. All known remote regions: []
2026-05-17 18:31:56 [main] INFO  com.netflix.eureka.DefaultEurekaServerContext - Initialized
2026-05-17 18:31:56 [main] INFO  org.springframework.cloud.netflix.eureka.serviceregistry.EurekaServiceRegistry - Registering application EUREKA-SERVER with eureka with status UP
2026-05-17 18:31:56 [Thread-10] INFO  org.springframework.cloud.netflix.eureka.server.EurekaServerBootstrap - isAws returned false
2026-05-17 18:31:56 [Thread-10] INFO  org.springframework.cloud.netflix.eureka.server.EurekaServerBootstrap - Initialized server context
2026-05-17 18:31:56 [Thread-10] INFO  com.netflix.eureka.registry.PeerAwareInstanceRegistryImpl - Got 1 instances from neighboring DS node
2026-05-17 18:31:56 [Thread-10] INFO  com.netflix.eureka.registry.PeerAwareInstanceRegistryImpl - Renew threshold is: 1
2026-05-17 18:31:56 [Thread-10] INFO  com.netflix.eureka.registry.PeerAwareInstanceRegistryImpl - Changing status to UP
2026-05-17 18:31:56 [Thread-10] INFO  org.springframework.cloud.netflix.eureka.server.EurekaServerInitializerConfiguration - Started Eureka Server
2026-05-17 18:31:56 [main] INFO  org.springframework.boot.tomcat.TomcatWebServer - Tomcat started on port 8761 (http) with context path '/'
2026-05-17 18:31:56 [main] INFO  org.springframework.cloud.netflix.eureka.serviceregistry.EurekaAutoServiceRegistration - Updating port to 8761
2026-05-17 18:31:57 [main] INFO  org.springframework.cloud.commons.util.InetUtils - Cannot determine local hostname
2026-05-17 18:31:57 [main] INFO  com.plataforma_lc.eurekaServer.EurekaServerApplication - Started EurekaServerApplication in 7.779 seconds (process running for 8.335)
2026-05-17 18:32:01 [Eureka-EvictionTimer] INFO  com.netflix.eureka.registry.AbstractInstanceRegistry - Running the evict task with compensationTime 0ms
2026-05-17 18:32:03 [http-nio-8761-exec-1] INFO  org.apache.catalina.core.ContainerBase.[Tomcat].[localhost].[/] - Initializing Spring DispatcherServlet 'dispatcherServlet'
2026-05-17 18:32:03 [http-nio-8761-exec-1] INFO  org.springframework.web.servlet.DispatcherServlet - Initializing Servlet 'dispatcherServlet'
2026-05-17 18:32:03 [http-nio-8761-exec-1] INFO  org.springframework.web.servlet.DispatcherServlet - Completed initialization in 2 ms
2026-05-17 18:32:04 [http-nio-8761-exec-3] WARN  com.netflix.eureka.registry.AbstractInstanceRegistry - DS: Registry: lease doesn't exist, registering resource: APIGATEWAY - localhost:apiGateway:8085
2026-05-17 18:32:04 [http-nio-8761-exec-3] WARN  com.netflix.eureka.resources.InstanceResource - Not Found (Renew): APIGATEWAY - localhost:apiGateway:8085
2026-05-17 18:32:04 [http-nio-8761-exec-7] INFO  com.netflix.eureka.registry.AbstractInstanceRegistry - Registered instance APIGATEWAY/localhost:apiGateway:8085 with status UP (replication=false)
2026-05-17 18:32:04 [http-nio-8761-exec-7] INFO  com.plataforma_lc.eurekaServer.listeners.EurekaEventListener - [SERVICIO REGISTRADO] Servicio: APIGATEWAY | Instancia: localhost:apiGateway:8085 | Timestamp: 2026-05-17T18:32:04.831078400
2026-05-17 18:32:06 [Eureka-EvictionTimer] INFO  com.netflix.eureka.registry.AbstractInstanceRegistry - Running the evict task with compensationTime 0ms
2026-05-17 18:32:11 [Eureka-EvictionTimer] INFO  com.netflix.eureka.registry.AbstractInstanceRegistry - Running the evict task with compensationTime 1ms
2026-05-17 18:32:16 [Eureka-EvictionTimer] INFO  com.netflix.eureka.registry.AbstractInstanceRegistry - Running the evict task with compensationTime 6ms
2026-05-17 18:32:21 [Eureka-EvictionTimer] INFO  com.netflix.eureka.registry.AbstractInstanceRegistry - Running the evict task with compensationTime 11ms
2026-05-17 18:32:26 [Eureka-EvictionTimer] INFO  com.netflix.eureka.registry.AbstractInstanceRegistry - Running the evict task with compensationTime 10ms
2026-05-17 18:32:31 [Eureka-EvictionTimer] INFO  com.netflix.eureka.registry.AbstractInstanceRegistry - Running the evict task with compensationTime 8ms
2026-05-17 18:32:34 [http-nio-8761-exec-6] INFO  com.plataforma_lc.eurekaServer.listeners.EurekaEventListener - [SERVICIO ACTIVO] Servicio: APIGATEWAY | Instancia: localhost:apiGateway:8085 | Timestamp: 2026-05-17T18:32:34.867145700
2026-05-17 18:32:36 [Eureka-EvictionTimer] INFO  com.netflix.eureka.registry.AbstractInstanceRegistry - Running the evict task with compensationTime 0ms
2026-05-17 18:32:40 [http-nio-8761-exec-10] INFO  com.netflix.eureka.registry.AbstractInstanceRegistry - Registered instance CURSO/localhost:curso:8081 with status UP (replication=false)
2026-05-17 18:32:40 [http-nio-8761-exec-10] INFO  com.plataforma_lc.eurekaServer.listeners.EurekaEventListener - [SERVICIO REGISTRADO] Servicio: CURSO | Instancia: localhost:curso:8081 | Timestamp: 2026-05-17T18:32:40.844171
2026-05-17 18:32:41 [Eureka-EvictionTimer] INFO  com.netflix.eureka.registry.AbstractInstanceRegistry - Running the evict task with compensationTime 6ms
2026-05-17 18:32:46 [Eureka-EvictionTimer] INFO  com.netflix.eureka.registry.AbstractInstanceRegistry - Running the evict task with compensationTime 12ms
2026-05-17 18:32:51 [Eureka-EvictionTimer] INFO  com.netflix.eureka.registry.AbstractInstanceRegistry - Running the evict task with compensationTime 10ms
2026-05-17 18:32:56 [Eureka-EvictionTimer] INFO  com.netflix.eureka.registry.AbstractInstanceRegistry - Running the evict task with compensationTime 9ms
2026-05-17 18:33:01 [Eureka-EvictionTimer] INFO  com.netflix.eureka.registry.AbstractInstanceRegistry - Running the evict task with compensationTime 10ms
2026-05-17 18:33:04 [http-nio-8761-exec-7] INFO  com.plataforma_lc.eurekaServer.listeners.EurekaEventListener - [SERVICIO ACTIVO] Servicio: APIGATEWAY | Instancia: localhost:apiGateway:8085 | Timestamp: 2026-05-17T18:33:04.901218800
2026-05-17 18:33:06 [Eureka-EvictionTimer] INFO  com.netflix.eureka.registry.AbstractInstanceRegistry - Running the evict task with compensationTime 11ms
2026-05-17 18:33:11 [Eureka-EvictionTimer] INFO  com.netflix.eureka.registry.AbstractInstanceRegistry - Running the evict task with compensationTime 2ms
2026-05-17 18:33:16 [Eureka-EvictionTimer] INFO  com.netflix.eureka.registry.AbstractInstanceRegistry - Running the evict task with compensationTime 10ms
2026-05-17 18:33:21 [Eureka-EvictionTimer] INFO  com.netflix.eureka.registry.AbstractInstanceRegistry - Running the evict task with compensationTime 14ms
2026-05-17 18:33:26 [Eureka-EvictionTimer] INFO  com.netflix.eureka.registry.AbstractInstanceRegistry - Running the evict task with compensationTime 12ms
2026-05-17 18:33:31 [Eureka-EvictionTimer] INFO  com.netflix.eureka.registry.AbstractInstanceRegistry - Running the evict task with compensationTime 10ms
2026-05-17 18:33:34 [http-nio-8761-exec-5] INFO  com.plataforma_lc.eurekaServer.listeners.EurekaEventListener - [SERVICIO ACTIVO] Servicio: APIGATEWAY | Instancia: localhost:apiGateway:8085 | Timestamp: 2026-05-17T18:33:34.921324
2026-05-17 18:33:36 [Eureka-EvictionTimer] INFO  com.netflix.eureka.registry.AbstractInstanceRegistry - Running the evict task with compensationTime 2ms
2026-05-17 18:33:41 [Eureka-EvictionTimer] INFO  com.netflix.eureka.registry.AbstractInstanceRegistry - Running the evict task with compensationTime 9ms
2026-05-17 18:33:46 [Eureka-EvictionTimer] INFO  com.netflix.eureka.registry.AbstractInstanceRegistry - Running the evict task with compensationTime 3ms
2026-05-17 18:33:51 [Eureka-EvictionTimer] INFO  com.netflix.eureka.registry.AbstractInstanceRegistry - Running the evict task with compensationTime 11ms
2026-05-17 18:33:56 [Eureka-EvictionTimer] INFO  com.netflix.eureka.registry.AbstractInstanceRegistry - Running the evict task with compensationTime 7ms
2026-05-17 18:34:01 [Eureka-EvictionTimer] INFO  com.netflix.eureka.registry.AbstractInstanceRegistry - Running the evict task with compensationTime 8ms
2026-05-17 18:34:04 [http-nio-8761-exec-4] INFO  com.plataforma_lc.eurekaServer.listeners.EurekaEventListener - [SERVICIO ACTIVO] Servicio: APIGATEWAY | Instancia: localhost:apiGateway:8085 | Timestamp: 2026-05-17T18:34:04.939939200
2026-05-17 18:34:06 [Eureka-EvictionTimer] INFO  com.netflix.eureka.registry.AbstractInstanceRegistry - Running the evict task with compensationTime 11ms
2026-05-17 18:34:11 [Eureka-EvictionTimer] INFO  com.netflix.eureka.registry.AbstractInstanceRegistry - Running the evict task with compensationTime 6ms
2026-05-17 18:34:11 [Eureka-EvictionTimer] INFO  com.netflix.eureka.registry.AbstractInstanceRegistry - Evicting 1 items (expired=1, evictionLimit=1)
2026-05-17 18:34:11 [Eureka-EvictionTimer] WARN  com.netflix.eureka.registry.AbstractInstanceRegistry - DS: Registry: expired lease for CURSO/localhost:curso:8081
2026-05-17 18:34:11 [Eureka-EvictionTimer] INFO  com.netflix.eureka.registry.AbstractInstanceRegistry - Cancelled instance CURSO/localhost:curso:8081 (replication=false)
2026-05-17 18:34:11 [Eureka-EvictionTimer] ERROR com.plataforma_lc.eurekaServer.listeners.EurekaEventListener - [SERVICIO CAÍDO] Servicio: CURSO | Instancia: localhost:curso:8081 | Timestamp: 2026-05-17T18:34:11.886180100
2026-05-17 18:34:16 [Eureka-EvictionTimer] INFO  com.netflix.eureka.registry.AbstractInstanceRegistry - Running the evict task with compensationTime 0ms
2026-05-17 18:34:21 [Eureka-EvictionTimer] INFO  com.netflix.eureka.registry.AbstractInstanceRegistry - Running the evict task with compensationTime 13ms
2026-05-17 18:34:26 [Eureka-EvictionTimer] INFO  com.netflix.eureka.registry.AbstractInstanceRegistry - Running the evict task with compensationTime 13ms
2026-05-17 18:34:31 [Eureka-EvictionTimer] INFO  com.netflix.eureka.registry.AbstractInstanceRegistry - Running the evict task with compensationTime 9ms
2026-05-17 18:34:34 [http-nio-8761-exec-8] INFO  com.plataforma_lc.eurekaServer.listeners.EurekaEventListener - [SERVICIO ACTIVO] Servicio: APIGATEWAY | Instancia: localhost:apiGateway:8085 | Timestamp: 2026-05-17T18:34:34.963865600
2026-05-17 18:34:36 [Eureka-EvictionTimer] INFO  com.netflix.eureka.registry.AbstractInstanceRegistry - Running the evict task with compensationTime 12ms
2026-05-17 18:34:41 [Eureka-EvictionTimer] INFO  com.netflix.eureka.registry.AbstractInstanceRegistry - Running the evict task with compensationTime 0ms
2026-05-17 18:34:46 [Eureka-EvictionTimer] INFO  com.netflix.eureka.registry.AbstractInstanceRegistry - Running the evict task with compensationTime 0ms
2026-05-17 18:34:51 [Eureka-EvictionTimer] INFO  com.netflix.eureka.registry.AbstractInstanceRegistry - Running the evict task with compensationTime 8ms
2026-05-17 18:34:56 [Eureka-EvictionTimer] INFO  com.netflix.eureka.registry.AbstractInstanceRegistry - Running the evict task with compensationTime 5ms
2026-05-17 18:35:01 [Eureka-EvictionTimer] INFO  com.netflix.eureka.registry.AbstractInstanceRegistry - Running the evict task with compensationTime 11ms
2026-05-17 18:35:04 [http-nio-8761-exec-9] INFO  com.plataforma_lc.eurekaServer.listeners.EurekaEventListener - [SERVICIO ACTIVO] Servicio: APIGATEWAY | Instancia: localhost:apiGateway:8085 | Timestamp: 2026-05-17T18:35:04.990273500
2026-05-17 18:35:06 [Eureka-EvictionTimer] INFO  com.netflix.eureka.registry.AbstractInstanceRegistry - Running the evict task with compensationTime 9ms
2026-05-17 18:35:11 [Eureka-EvictionTimer] INFO  com.netflix.eureka.registry.AbstractInstanceRegistry - Running the evict task with compensationTime 4ms
2026-05-17 18:35:16 [Eureka-EvictionTimer] INFO  com.netflix.eureka.registry.AbstractInstanceRegistry - Running the evict task with compensationTime 1ms
2026-05-17 18:35:21 [Eureka-EvictionTimer] INFO  com.netflix.eureka.registry.AbstractInstanceRegistry - Running the evict task with compensationTime 14ms
2026-05-17 18:35:26 [Eureka-EvictionTimer] INFO  com.netflix.eureka.registry.AbstractInstanceRegistry - Running the evict task with compensationTime 2ms
2026-05-17 19:09:09 [main] INFO  com.plataforma_lc.eurekaServer.EurekaServerApplicationTests - Starting EurekaServerApplicationTests using Java 23 with PID 24148 (started by Olov in C:\Users\Olov\Desktop\plataforma_lc_digital\plataforma_lc\sistema_infra\eurekaServer)
2026-05-17 19:09:09 [main] INFO  com.plataforma_lc.eurekaServer.EurekaServerApplicationTests - No active profile set, falling back to 1 default profile: "default"
2026-05-17 19:09:10 [main] INFO  org.springframework.cloud.context.scope.GenericScope - BeanFactory id=9eec3969-f51e-39b4-817a-be4c86af26f5
2026-05-17 19:09:10 [main] INFO  org.springframework.validation.beanvalidation.OptionalValidatorFactoryBean - Failed to set up a Bean Validation provider: jakarta.validation.NoProviderFoundException: Unable to create a Configuration, because no Jakarta Validation provider could be found. Add a provider like Hibernate Validator (RI) to your classpath.
2026-05-17 19:09:11 [main] WARN  org.springframework.cloud.loadbalancer.config.LoadBalancerCacheAutoConfiguration$LoadBalancerCaffeineWarnLogger - Spring Cloud LoadBalancer is currently working with the default cache. While this cache implementation is useful for development and tests, it's recommended to use Caffeine cache in production.You can switch to using Caffeine cache, by adding it and org.springframework.cache.caffeine.CaffeineCacheManager to the classpath.
2026-05-17 19:09:11 [main] INFO  org.springframework.cloud.netflix.eureka.InstanceInfoFactory - Setting initial instance status as: STARTING
2026-05-17 19:09:11 [main] INFO  com.netflix.discovery.DiscoveryClient - Initializing Eureka in region us-east-1
2026-05-17 19:09:11 [main] INFO  com.netflix.discovery.DiscoveryClient - Client configured to neither register nor query for data.
2026-05-17 19:09:11 [main] INFO  com.netflix.discovery.DiscoveryClient - Discovery Client initialized at timestamp 1779059351907 with initial instances count: 0
2026-05-17 19:09:11 [main] INFO  com.netflix.eureka.DefaultEurekaServerContext - Initializing ...
2026-05-17 19:09:11 [main] INFO  com.netflix.eureka.cluster.PeerEurekaNodes - Adding new peer nodes [http://localhost:8761/eureka/]
2026-05-17 19:09:12 [main] INFO  com.netflix.discovery.provider.DiscoveryJerseyProvider - Using JSON encoding codec LegacyJacksonJson
2026-05-17 19:09:12 [main] INFO  com.netflix.discovery.provider.DiscoveryJerseyProvider - Using JSON decoding codec LegacyJacksonJson
2026-05-17 19:09:12 [main] INFO  com.netflix.discovery.provider.DiscoveryJerseyProvider - Using XML encoding codec XStreamXml
2026-05-17 19:09:12 [main] INFO  com.netflix.discovery.provider.DiscoveryJerseyProvider - Using XML decoding codec XStreamXml
2026-05-17 19:09:12 [main] INFO  com.netflix.eureka.cluster.PeerEurekaNodes - Replica node URL:  http://localhost:8761/eureka/
2026-05-17 19:09:12 [main] INFO  com.netflix.eureka.registry.AbstractInstanceRegistry - Finished initializing remote region registries. All known remote regions: []
2026-05-17 19:09:12 [main] INFO  com.netflix.eureka.DefaultEurekaServerContext - Initialized
2026-05-17 19:09:12 [main] INFO  org.springframework.boot.actuate.endpoint.web.EndpointLinksResolver - Exposing 1 endpoint beneath base path '/actuator'
2026-05-17 19:09:12 [main] INFO  org.springframework.cloud.netflix.eureka.serviceregistry.EurekaServiceRegistry - Registering application EUREKA-SERVER with eureka with status UP
2026-05-17 19:09:12 [main] INFO  com.plataforma_lc.eurekaServer.EurekaServerApplicationTests - Started EurekaServerApplicationTests in 2.875 seconds (process running for 4.0)
2026-05-17 19:09:12 [Thread-10] INFO  org.springframework.cloud.netflix.eureka.server.EurekaServerBootstrap - isAws returned false
2026-05-17 19:09:12 [Thread-10] INFO  org.springframework.cloud.netflix.eureka.server.EurekaServerBootstrap - Initialized server context
2026-05-17 19:09:12 [Thread-10] INFO  com.netflix.eureka.registry.PeerAwareInstanceRegistryImpl - Got 1 instances from neighboring DS node
2026-05-17 19:09:12 [Thread-10] INFO  com.netflix.eureka.registry.PeerAwareInstanceRegistryImpl - Renew threshold is: 1
2026-05-17 19:09:12 [Thread-10] INFO  com.netflix.eureka.registry.PeerAwareInstanceRegistryImpl - Changing status to UP
2026-05-17 19:09:12 [Thread-10] INFO  org.springframework.cloud.netflix.eureka.server.EurekaServerInitializerConfiguration - Started Eureka Server
2026-05-17 19:09:12 [SpringApplicationShutdownHook] INFO  org.springframework.cloud.netflix.eureka.serviceregistry.EurekaServiceRegistry - Unregistering application EUREKA-SERVER with eureka with status DOWN
2026-05-17 19:09:12 [SpringApplicationShutdownHook] INFO  org.springframework.cloud.netflix.eureka.server.EurekaServerBootstrap - Shutting down Eureka Server..
2026-05-17 19:09:12 [SpringApplicationShutdownHook] INFO  com.netflix.eureka.DefaultEurekaServerContext - Shutting down ...
2026-05-17 19:09:12 [SpringApplicationShutdownHook] INFO  com.netflix.eureka.DefaultEurekaServerContext - Shut down
2026-05-17 19:09:12 [SpringApplicationShutdownHook] INFO  org.springframework.cloud.netflix.eureka.server.EurekaServerBootstrap - Eureka Service is now shutdown...
2026-05-17 19:09:12 [SpringApplicationShutdownHook] INFO  com.netflix.eureka.DefaultEurekaServerContext - Shutting down ...
2026-05-17 19:09:12 [SpringApplicationShutdownHook] INFO  com.netflix.eureka.DefaultEurekaServerContext - Shut down
2026-05-17 19:09:12 [SpringApplicationShutdownHook] INFO  com.netflix.discovery.DiscoveryClient - Shutting down DiscoveryClient ...
2026-05-17 19:09:12 [SpringApplicationShutdownHook] INFO  com.netflix.discovery.DiscoveryClient - Completed shut down of DiscoveryClient
2026-05-17 19:32:22 [main] INFO  com.plataforma_lc.eurekaServer.EurekaServerApplicationTests - Starting EurekaServerApplicationTests using Java 23 with PID 8420 (started by Olov in C:\Users\Olov\Desktop\plataforma_lc_digital\plataforma_lc\sistema_infra\eurekaServer)
2026-05-17 19:32:22 [main] INFO  com.plataforma_lc.eurekaServer.EurekaServerApplicationTests - No active profile set, falling back to 1 default profile: "default"
2026-05-17 19:32:22 [main] INFO  org.springframework.cloud.context.scope.GenericScope - BeanFactory id=9eec3969-f51e-39b4-817a-be4c86af26f5
2026-05-17 19:32:23 [main] INFO  org.springframework.validation.beanvalidation.OptionalValidatorFactoryBean - Failed to set up a Bean Validation provider: jakarta.validation.NoProviderFoundException: Unable to create a Configuration, because no Jakarta Validation provider could be found. Add a provider like Hibernate Validator (RI) to your classpath.
2026-05-17 19:32:24 [main] WARN  org.springframework.cloud.loadbalancer.config.LoadBalancerCacheAutoConfiguration$LoadBalancerCaffeineWarnLogger - Spring Cloud LoadBalancer is currently working with the default cache. While this cache implementation is useful for development and tests, it's recommended to use Caffeine cache in production.You can switch to using Caffeine cache, by adding it and org.springframework.cache.caffeine.CaffeineCacheManager to the classpath.
2026-05-17 19:32:24 [main] INFO  org.springframework.cloud.netflix.eureka.InstanceInfoFactory - Setting initial instance status as: STARTING
2026-05-17 19:32:24 [main] INFO  com.netflix.discovery.DiscoveryClient - Initializing Eureka in region us-east-1
2026-05-17 19:32:24 [main] INFO  com.netflix.discovery.DiscoveryClient - Client configured to neither register nor query for data.
2026-05-17 19:32:24 [main] INFO  com.netflix.discovery.DiscoveryClient - Discovery Client initialized at timestamp 1779060744341 with initial instances count: 0
2026-05-17 19:32:24 [main] INFO  com.netflix.eureka.DefaultEurekaServerContext - Initializing ...
2026-05-17 19:32:24 [main] INFO  com.netflix.eureka.cluster.PeerEurekaNodes - Adding new peer nodes [http://localhost:8761/eureka/]
2026-05-17 19:32:24 [main] INFO  com.netflix.discovery.provider.DiscoveryJerseyProvider - Using JSON encoding codec LegacyJacksonJson
2026-05-17 19:32:24 [main] INFO  com.netflix.discovery.provider.DiscoveryJerseyProvider - Using JSON decoding codec LegacyJacksonJson
2026-05-17 19:32:24 [main] INFO  com.netflix.discovery.provider.DiscoveryJerseyProvider - Using XML encoding codec XStreamXml
2026-05-17 19:32:24 [main] INFO  com.netflix.discovery.provider.DiscoveryJerseyProvider - Using XML decoding codec XStreamXml
2026-05-17 19:32:24 [main] INFO  com.netflix.eureka.cluster.PeerEurekaNodes - Replica node URL:  http://localhost:8761/eureka/
2026-05-17 19:32:24 [main] INFO  com.netflix.eureka.registry.AbstractInstanceRegistry - Finished initializing remote region registries. All known remote regions: []
2026-05-17 19:32:24 [main] INFO  com.netflix.eureka.DefaultEurekaServerContext - Initialized
2026-05-17 19:32:24 [main] INFO  org.springframework.boot.actuate.endpoint.web.EndpointLinksResolver - Exposing 1 endpoint beneath base path '/actuator'
2026-05-17 19:32:24 [main] INFO  org.springframework.cloud.netflix.eureka.serviceregistry.EurekaServiceRegistry - Registering application EUREKA-SERVER with eureka with status UP
2026-05-17 19:32:24 [main] INFO  com.plataforma_lc.eurekaServer.EurekaServerApplicationTests - Started EurekaServerApplicationTests in 2.925 seconds (process running for 4.053)
2026-05-17 19:32:24 [Thread-10] INFO  org.springframework.cloud.netflix.eureka.server.EurekaServerBootstrap - isAws returned false
2026-05-17 19:32:24 [Thread-10] INFO  org.springframework.cloud.netflix.eureka.server.EurekaServerBootstrap - Initialized server context
2026-05-17 19:32:24 [Thread-10] INFO  com.netflix.eureka.registry.PeerAwareInstanceRegistryImpl - Got 1 instances from neighboring DS node
2026-05-17 19:32:24 [Thread-10] INFO  com.netflix.eureka.registry.PeerAwareInstanceRegistryImpl - Renew threshold is: 1
2026-05-17 19:32:24 [Thread-10] INFO  com.netflix.eureka.registry.PeerAwareInstanceRegistryImpl - Changing status to UP
2026-05-17 19:32:24 [Thread-10] INFO  org.springframework.cloud.netflix.eureka.server.EurekaServerInitializerConfiguration - Started Eureka Server
2026-05-17 19:32:25 [SpringApplicationShutdownHook] INFO  org.springframework.cloud.netflix.eureka.serviceregistry.EurekaServiceRegistry - Unregistering application EUREKA-SERVER with eureka with status DOWN
2026-05-17 19:32:25 [SpringApplicationShutdownHook] INFO  org.springframework.cloud.netflix.eureka.server.EurekaServerBootstrap - Shutting down Eureka Server..
2026-05-17 19:32:25 [SpringApplicationShutdownHook] INFO  com.netflix.eureka.DefaultEurekaServerContext - Shutting down ...
2026-05-17 19:32:25 [SpringApplicationShutdownHook] INFO  com.netflix.eureka.DefaultEurekaServerContext - Shut down
2026-05-17 19:32:25 [SpringApplicationShutdownHook] INFO  org.springframework.cloud.netflix.eureka.server.EurekaServerBootstrap - Eureka Service is now shutdown...
2026-05-17 19:32:25 [SpringApplicationShutdownHook] INFO  com.netflix.eureka.DefaultEurekaServerContext - Shutting down ...
2026-05-17 19:32:25 [SpringApplicationShutdownHook] INFO  com.netflix.eureka.DefaultEurekaServerContext - Shut down
2026-05-17 19:32:25 [Eureka-Jersey3Client-Conn-Cleaner2] ERROR com.netflix.discovery.shared.transport.jersey3.EurekaJersey3ClientImpl - Cannot clean connections
java.lang.IllegalStateException: Client instance has been closed.
	at org.glassfish.jersey.internal.guava.Preconditions.checkState(Preconditions.java:169)
	at org.glassfish.jersey.client.JerseyClient.checkNotClosed(JerseyClient.java:248)
	at org.glassfish.jersey.client.JerseyClient.getConfiguration(JerseyClient.java:363)
	at org.glassfish.jersey.client.JerseyClient.getConfiguration(JerseyClient.java:54)
	at com.netflix.discovery.shared.transport.jersey3.EurekaJersey3ClientImpl$ConnectionCleanerTask.run(EurekaJersey3ClientImpl.java:338)
	at java.base/java.util.concurrent.Executors$RunnableAdapter.call(Executors.java:572)
	at java.base/java.util.concurrent.FutureTask.run(FutureTask.java:317)
	at java.base/java.util.concurrent.ScheduledThreadPoolExecutor$ScheduledFutureTask.run(ScheduledThreadPoolExecutor.java:304)
	at java.base/java.util.concurrent.ThreadPoolExecutor.runWorker(ThreadPoolExecutor.java:1144)
	at java.base/java.util.concurrent.ThreadPoolExecutor$Worker.run(ThreadPoolExecutor.java:642)
	at java.base/java.lang.Thread.run(Thread.java:1575)
2026-05-17 19:32:25 [SpringApplicationShutdownHook] INFO  com.netflix.discovery.DiscoveryClient - Shutting down DiscoveryClient ...
2026-05-17 19:32:25 [SpringApplicationShutdownHook] INFO  com.netflix.discovery.DiscoveryClient - Completed shut down of DiscoveryClient
2026-05-17 20:13:21 [main] INFO  com.plataforma_lc.eurekaServer.EurekaServerApplicationTests - Starting EurekaServerApplicationTests using Java 23 with PID 20848 (started by Olov in C:\Users\Olov\Desktop\plataforma_lc_digital\plataforma_lc\sistema_infra\eurekaServer)
2026-05-17 20:13:21 [main] INFO  com.plataforma_lc.eurekaServer.EurekaServerApplicationTests - No active profile set, falling back to 1 default profile: "default"
2026-05-17 20:13:22 [main] INFO  org.springframework.cloud.context.scope.GenericScope - BeanFactory id=9eec3969-f51e-39b4-817a-be4c86af26f5
2026-05-17 20:13:22 [main] INFO  org.springframework.validation.beanvalidation.OptionalValidatorFactoryBean - Failed to set up a Bean Validation provider: jakarta.validation.NoProviderFoundException: Unable to create a Configuration, because no Jakarta Validation provider could be found. Add a provider like Hibernate Validator (RI) to your classpath.
2026-05-17 20:13:23 [main] WARN  org.springframework.cloud.loadbalancer.config.LoadBalancerCacheAutoConfiguration$LoadBalancerCaffeineWarnLogger - Spring Cloud LoadBalancer is currently working with the default cache. While this cache implementation is useful for development and tests, it's recommended to use Caffeine cache in production.You can switch to using Caffeine cache, by adding it and org.springframework.cache.caffeine.CaffeineCacheManager to the classpath.
2026-05-17 20:13:23 [main] INFO  org.springframework.cloud.netflix.eureka.InstanceInfoFactory - Setting initial instance status as: STARTING
2026-05-17 20:13:23 [main] INFO  com.netflix.discovery.DiscoveryClient - Initializing Eureka in region us-east-1
2026-05-17 20:13:23 [main] INFO  com.netflix.discovery.DiscoveryClient - Client configured to neither register nor query for data.
2026-05-17 20:13:23 [main] INFO  com.netflix.discovery.DiscoveryClient - Discovery Client initialized at timestamp 1779063203782 with initial instances count: 0
2026-05-17 20:13:23 [main] INFO  com.netflix.eureka.DefaultEurekaServerContext - Initializing ...
2026-05-17 20:13:23 [main] INFO  com.netflix.eureka.cluster.PeerEurekaNodes - Adding new peer nodes [http://localhost:8761/eureka/]
2026-05-17 20:13:23 [main] INFO  com.netflix.discovery.provider.DiscoveryJerseyProvider - Using JSON encoding codec LegacyJacksonJson
2026-05-17 20:13:23 [main] INFO  com.netflix.discovery.provider.DiscoveryJerseyProvider - Using JSON decoding codec LegacyJacksonJson
2026-05-17 20:13:23 [main] INFO  com.netflix.discovery.provider.DiscoveryJerseyProvider - Using XML encoding codec XStreamXml
2026-05-17 20:13:23 [main] INFO  com.netflix.discovery.provider.DiscoveryJerseyProvider - Using XML decoding codec XStreamXml
2026-05-17 20:13:24 [main] INFO  com.netflix.eureka.cluster.PeerEurekaNodes - Replica node URL:  http://localhost:8761/eureka/
2026-05-17 20:13:24 [main] INFO  com.netflix.eureka.registry.AbstractInstanceRegistry - Finished initializing remote region registries. All known remote regions: []
2026-05-17 20:13:24 [main] INFO  com.netflix.eureka.DefaultEurekaServerContext - Initialized
2026-05-17 20:13:24 [main] INFO  org.springframework.boot.actuate.endpoint.web.EndpointLinksResolver - Exposing 1 endpoint beneath base path '/actuator'
2026-05-17 20:13:24 [main] INFO  org.springframework.cloud.netflix.eureka.serviceregistry.EurekaServiceRegistry - Registering application EUREKA-SERVER with eureka with status UP
2026-05-17 20:13:24 [main] INFO  com.plataforma_lc.eurekaServer.EurekaServerApplicationTests - Started EurekaServerApplicationTests in 2.91 seconds (process running for 4.051)
2026-05-17 20:13:24 [Thread-10] INFO  org.springframework.cloud.netflix.eureka.server.EurekaServerBootstrap - isAws returned false
2026-05-17 20:13:24 [Thread-10] INFO  org.springframework.cloud.netflix.eureka.server.EurekaServerBootstrap - Initialized server context
2026-05-17 20:13:24 [Thread-10] INFO  com.netflix.eureka.registry.PeerAwareInstanceRegistryImpl - Got 1 instances from neighboring DS node
2026-05-17 20:13:24 [Thread-10] INFO  com.netflix.eureka.registry.PeerAwareInstanceRegistryImpl - Renew threshold is: 1
2026-05-17 20:13:24 [Thread-10] INFO  com.netflix.eureka.registry.PeerAwareInstanceRegistryImpl - Changing status to UP
2026-05-17 20:13:24 [Thread-10] INFO  org.springframework.cloud.netflix.eureka.server.EurekaServerInitializerConfiguration - Started Eureka Server
2026-05-17 20:13:24 [SpringApplicationShutdownHook] INFO  org.springframework.cloud.netflix.eureka.serviceregistry.EurekaServiceRegistry - Unregistering application EUREKA-SERVER with eureka with status DOWN
2026-05-17 20:13:24 [SpringApplicationShutdownHook] INFO  org.springframework.cloud.netflix.eureka.server.EurekaServerBootstrap - Shutting down Eureka Server..
2026-05-17 20:13:24 [SpringApplicationShutdownHook] INFO  com.netflix.eureka.DefaultEurekaServerContext - Shutting down ...
2026-05-17 20:13:24 [SpringApplicationShutdownHook] INFO  com.netflix.eureka.DefaultEurekaServerContext - Shut down
2026-05-17 20:13:24 [SpringApplicationShutdownHook] INFO  org.springframework.cloud.netflix.eureka.server.EurekaServerBootstrap - Eureka Service is now shutdown...
2026-05-17 20:13:24 [SpringApplicationShutdownHook] INFO  com.netflix.eureka.DefaultEurekaServerContext - Shutting down ...
2026-05-17 20:13:24 [SpringApplicationShutdownHook] INFO  com.netflix.eureka.DefaultEurekaServerContext - Shut down
2026-05-17 20:13:24 [Eureka-Jersey3Client-Conn-Cleaner2] ERROR com.netflix.discovery.shared.transport.jersey3.EurekaJersey3ClientImpl - Cannot clean connections
java.lang.IllegalStateException: Client instance has been closed.
	at org.glassfish.jersey.internal.guava.Preconditions.checkState(Preconditions.java:169)
	at org.glassfish.jersey.client.JerseyClient.checkNotClosed(JerseyClient.java:248)
	at org.glassfish.jersey.client.JerseyClient.getConfiguration(JerseyClient.java:363)
	at org.glassfish.jersey.client.JerseyClient.getConfiguration(JerseyClient.java:54)
	at com.netflix.discovery.shared.transport.jersey3.EurekaJersey3ClientImpl$ConnectionCleanerTask.run(EurekaJersey3ClientImpl.java:338)
	at java.base/java.util.concurrent.Executors$RunnableAdapter.call(Executors.java:572)
	at java.base/java.util.concurrent.FutureTask.run(FutureTask.java:317)
	at java.base/java.util.concurrent.ScheduledThreadPoolExecutor$ScheduledFutureTask.run(ScheduledThreadPoolExecutor.java:304)
	at java.base/java.util.concurrent.ThreadPoolExecutor.runWorker(ThreadPoolExecutor.java:1144)
	at java.base/java.util.concurrent.ThreadPoolExecutor$Worker.run(ThreadPoolExecutor.java:642)
	at java.base/java.lang.Thread.run(Thread.java:1575)
2026-05-17 20:13:24 [SpringApplicationShutdownHook] INFO  com.netflix.discovery.DiscoveryClient - Shutting down DiscoveryClient ...
2026-05-17 20:13:24 [SpringApplicationShutdownHook] INFO  com.netflix.discovery.DiscoveryClient - Completed shut down of DiscoveryClient
