2026-06-24 18:16:31 [main] INFO  com.plataforma_lc.apiGateway.ApiGatewayApplication - Starting ApiGatewayApplication using Java 23 with PID 24512 (C:\Users\Olov\Desktop\plataforma_lc_digital\plataforma_lc\sistema_infra\apiGateway\target\classes started by Olov in C:\Users\Olov\Desktop\plataforma_lc_digital\plataforma_lc\sistema_infra\apiGateway)
2026-06-24 18:16:31 [main] INFO  com.plataforma_lc.apiGateway.ApiGatewayApplication - No active profile set, falling back to 1 default profile: "default"
2026-06-24 18:16:32 [main] INFO  org.springframework.cloud.context.scope.GenericScope - BeanFactory id=71acad9c-c34f-36e8-8483-960d94edf0cc
2026-06-24 18:16:32 [main] WARN  org.springframework.context.support.PostProcessorRegistrationDelegate$BeanPostProcessorChecker - Bean 'org.springframework.cloud.client.loadbalancer.LoadBalancerAutoConfiguration$LoadBalancerInterceptorConfig' of type [org.springframework.cloud.client.loadbalancer.LoadBalancerAutoConfiguration$LoadBalancerInterceptorConfig] is not eligible for getting processed by all BeanPostProcessors (for example: not eligible for auto-proxying). The currently created BeanPostProcessor [lbRestClientPostProcessor] is declared through a non-static factory method on that class; consider declaring it as static instead.
2026-06-24 18:16:32 [main] WARN  org.springframework.context.support.PostProcessorRegistrationDelegate$BeanPostProcessorChecker - Bean 'org.springframework.cloud.loadbalancer.config.BlockingLoadBalancerClientAutoConfiguration' of type [org.springframework.cloud.loadbalancer.config.BlockingLoadBalancerClientAutoConfiguration] is not eligible for getting processed by all BeanPostProcessors (for example: not eligible for auto-proxying). Is this bean getting eagerly injected into a currently created BeanPostProcessor [lbRestClientPostProcessor]? Check the corresponding BeanPostProcessor declaration and its dependencies.
2026-06-24 18:16:32 [main] WARN  org.springframework.context.support.PostProcessorRegistrationDelegate$BeanPostProcessorChecker - Bean 'org.springframework.cloud.loadbalancer.config.LoadBalancerAutoConfiguration' of type [org.springframework.cloud.loadbalancer.config.LoadBalancerAutoConfiguration] is not eligible for getting processed by all BeanPostProcessors (for example: not eligible for auto-proxying). Is this bean getting eagerly injected into a currently created BeanPostProcessor [lbRestClientPostProcessor]? Check the corresponding BeanPostProcessor declaration and its dependencies.
2026-06-24 18:16:32 [main] WARN  org.springframework.context.support.PostProcessorRegistrationDelegate$BeanPostProcessorChecker - Bean 'org.springframework.cloud.commons.config.CommonsConfigAutoConfiguration' of type [org.springframework.cloud.commons.config.CommonsConfigAutoConfiguration] is not eligible for getting processed by all BeanPostProcessors (for example: not eligible for auto-proxying). Is this bean getting eagerly injected into a currently created BeanPostProcessor [lbRestClientPostProcessor]? Check the corresponding BeanPostProcessor declaration and its dependencies.
2026-06-24 18:16:32 [main] WARN  org.springframework.context.support.PostProcessorRegistrationDelegate$BeanPostProcessorChecker - Bean 'org.springframework.cloud.client.loadbalancer.LoadBalancerDefaultMappingsProviderAutoConfiguration' of type [org.springframework.cloud.client.loadbalancer.LoadBalancerDefaultMappingsProviderAutoConfiguration] is not eligible for getting processed by all BeanPostProcessors (for example: not eligible for auto-proxying). Is this bean getting eagerly injected into a currently created BeanPostProcessor [lbRestClientPostProcessor]? Check the corresponding BeanPostProcessor declaration and its dependencies.
2026-06-24 18:16:32 [main] WARN  org.springframework.context.support.PostProcessorRegistrationDelegate$BeanPostProcessorChecker - Bean 'loadBalancerClientsDefaultsMappingsProvider' of type [org.springframework.cloud.client.loadbalancer.LoadBalancerDefaultMappingsProviderAutoConfiguration$$Lambda/0x0000026aad399398] is not eligible for getting processed by all BeanPostProcessors (for example: not eligible for auto-proxying). Is this bean getting eagerly injected into a currently created BeanPostProcessor [lbRestClientPostProcessor]? Check the corresponding BeanPostProcessor declaration and its dependencies.
2026-06-24 18:16:32 [main] WARN  org.springframework.context.support.PostProcessorRegistrationDelegate$BeanPostProcessorChecker - Bean 'defaultsBindHandlerAdvisor' of type [org.springframework.cloud.commons.config.DefaultsBindHandlerAdvisor] is not eligible for getting processed by all BeanPostProcessors (for example: not eligible for auto-proxying). Is this bean getting eagerly injected into a currently created BeanPostProcessor [lbRestClientPostProcessor]? Check the corresponding BeanPostProcessor declaration and its dependencies.
2026-06-24 18:16:32 [main] WARN  org.springframework.context.support.PostProcessorRegistrationDelegate$BeanPostProcessorChecker - Bean 'spring.cloud.loadbalancer-org.springframework.cloud.client.loadbalancer.LoadBalancerClientsProperties' of type [org.springframework.cloud.client.loadbalancer.LoadBalancerClientsProperties] is not eligible for getting processed by all BeanPostProcessors (for example: not eligible for auto-proxying). Is this bean getting eagerly injected into a currently created BeanPostProcessor [lbRestClientPostProcessor]? Check the corresponding BeanPostProcessor declaration and its dependencies.
2026-06-24 18:16:32 [main] WARN  org.springframework.context.support.PostProcessorRegistrationDelegate$BeanPostProcessorChecker - Bean 'default.org.springframework.cloud.loadbalancer.config.LoadBalancerAutoConfiguration.LoadBalancerClientSpecification' of type [org.springframework.cloud.loadbalancer.annotation.LoadBalancerClientSpecification] is not eligible for getting processed by all BeanPostProcessors (for example: not eligible for auto-proxying). Is this bean getting eagerly injected into a currently created BeanPostProcessor [lbRestClientPostProcessor]? Check the corresponding BeanPostProcessor declaration and its dependencies.
2026-06-24 18:16:32 [main] WARN  org.springframework.context.support.PostProcessorRegistrationDelegate$BeanPostProcessorChecker - Bean 'default.org.springframework.cloud.loadbalancer.config.BlockingLoadBalancerClientAutoConfiguration.LoadBalancerClientSpecification' of type [org.springframework.cloud.loadbalancer.annotation.LoadBalancerClientSpecification] is not eligible for getting processed by all BeanPostProcessors (for example: not eligible for auto-proxying). Is this bean getting eagerly injected into a currently created BeanPostProcessor [lbRestClientPostProcessor]? Check the corresponding BeanPostProcessor declaration and its dependencies.
2026-06-24 18:16:32 [main] WARN  org.springframework.context.support.PostProcessorRegistrationDelegate$BeanPostProcessorChecker - Bean 'default.org.springframework.cloud.netflix.eureka.loadbalancer.LoadBalancerEurekaAutoConfiguration.LoadBalancerClientSpecification' of type [org.springframework.cloud.loadbalancer.annotation.LoadBalancerClientSpecification] is not eligible for getting processed by all BeanPostProcessors (for example: not eligible for auto-proxying). Is this bean getting eagerly injected into a currently created BeanPostProcessor [lbRestClientPostProcessor]? Check the corresponding BeanPostProcessor declaration and its dependencies.
2026-06-24 18:16:32 [main] WARN  org.springframework.context.support.PostProcessorRegistrationDelegate$BeanPostProcessorChecker - Bean 'loadBalancerClientFactory' of type [org.springframework.cloud.loadbalancer.support.LoadBalancerClientFactory] is not eligible for getting processed by all BeanPostProcessors (for example: not eligible for auto-proxying). Is this bean getting eagerly injected into a currently created BeanPostProcessor [lbRestClientPostProcessor]? Check the corresponding BeanPostProcessor declaration and its dependencies.
2026-06-24 18:16:32 [main] WARN  org.springframework.context.support.PostProcessorRegistrationDelegate$BeanPostProcessorChecker - Bean 'blockingLoadBalancerClient' of type [org.springframework.cloud.loadbalancer.blocking.client.BlockingLoadBalancerClient] is not eligible for getting processed by all BeanPostProcessors (for example: not eligible for auto-proxying). Is this bean getting eagerly injected into a currently created BeanPostProcessor [lbRestClientPostProcessor]? Check the corresponding BeanPostProcessor declaration and its dependencies.
2026-06-24 18:16:32 [main] WARN  org.springframework.context.support.PostProcessorRegistrationDelegate$BeanPostProcessorChecker - Bean 'loadBalancerServiceInstanceCookieTransformer' of type [org.springframework.cloud.loadbalancer.core.LoadBalancerServiceInstanceCookieTransformer] is not eligible for getting processed by all BeanPostProcessors (for example: not eligible for auto-proxying). Is this bean getting eagerly injected into a currently created BeanPostProcessor [lbRestClientPostProcessor]? Check the corresponding BeanPostProcessor declaration and its dependencies.
2026-06-24 18:16:32 [main] WARN  org.springframework.context.support.PostProcessorRegistrationDelegate$BeanPostProcessorChecker - Bean 'xForwarderHeadersTransformer' of type [org.springframework.cloud.loadbalancer.blocking.XForwardedHeadersTransformer] is not eligible for getting processed by all BeanPostProcessors (for example: not eligible for auto-proxying). Is this bean getting eagerly injected into a currently created BeanPostProcessor [lbRestClientPostProcessor]? Check the corresponding BeanPostProcessor declaration and its dependencies.
2026-06-24 18:16:32 [main] WARN  org.springframework.context.support.PostProcessorRegistrationDelegate$BeanPostProcessorChecker - Bean 'org.springframework.cloud.client.loadbalancer.LoadBalancerAutoConfiguration' of type [org.springframework.cloud.client.loadbalancer.LoadBalancerAutoConfiguration] is not eligible for getting processed by all BeanPostProcessors (for example: not eligible for auto-proxying). Is this bean getting eagerly injected into a currently created BeanPostProcessor [lbRestClientPostProcessor]? Check the corresponding BeanPostProcessor declaration and its dependencies.
2026-06-24 18:16:32 [main] WARN  org.springframework.context.support.PostProcessorRegistrationDelegate$BeanPostProcessorChecker - Bean 'loadBalancerRequestFactory' of type [org.springframework.cloud.client.loadbalancer.LoadBalancerRequestFactory] is not eligible for getting processed by all BeanPostProcessors (for example: not eligible for auto-proxying). Is this bean getting eagerly injected into a currently created BeanPostProcessor [lbRestClientPostProcessor]? Check the corresponding BeanPostProcessor declaration and its dependencies.
2026-06-24 18:16:32 [main] WARN  org.springframework.context.support.PostProcessorRegistrationDelegate$BeanPostProcessorChecker - Bean 'loadBalancerInterceptor' of type [org.springframework.cloud.client.loadbalancer.LoadBalancerInterceptor] is not eligible for getting processed by all BeanPostProcessors (for example: not eligible for auto-proxying). Is this bean getting eagerly injected into a currently created BeanPostProcessor [lbRestClientPostProcessor]? Check the corresponding BeanPostProcessor declaration and its dependencies.
2026-06-24 18:16:32 [main] WARN  org.springframework.context.support.PostProcessorRegistrationDelegate$BeanPostProcessorChecker - Bean 'org.springframework.cloud.client.loadbalancer.reactive.LoadBalancerBeanPostProcessorAutoConfiguration' of type [org.springframework.cloud.client.loadbalancer.reactive.LoadBalancerBeanPostProcessorAutoConfiguration] is not eligible for getting processed by all BeanPostProcessors (for example: not eligible for auto-proxying). The currently created BeanPostProcessor [loadBalancerWebClientBuilderBeanPostProcessor] is declared through a non-static factory method on that class; consider declaring it as static instead.
2026-06-24 18:16:32 [main] WARN  org.springframework.context.support.PostProcessorRegistrationDelegate$BeanPostProcessorChecker - Bean 'org.springframework.cloud.client.loadbalancer.reactive.LoadBalancerBeanPostProcessorAutoConfiguration$ReactorDeferringLoadBalancerFilterConfig' of type [org.springframework.cloud.client.loadbalancer.reactive.LoadBalancerBeanPostProcessorAutoConfiguration$ReactorDeferringLoadBalancerFilterConfig] is not eligible for getting processed by all BeanPostProcessors (for example: not eligible for auto-proxying). Is this bean getting eagerly injected into a currently created BeanPostProcessor [loadBalancerWebClientBuilderBeanPostProcessor]? Check the corresponding BeanPostProcessor declaration and its dependencies.
2026-06-24 18:16:32 [main] WARN  org.springframework.context.support.PostProcessorRegistrationDelegate$BeanPostProcessorChecker - Bean 'reactorDeferringLoadBalancerExchangeFilterFunction' of type [org.springframework.cloud.client.loadbalancer.reactive.DeferringLoadBalancerExchangeFilterFunction] is not eligible for getting processed by all BeanPostProcessors (for example: not eligible for auto-proxying). Is this bean getting eagerly injected into a currently created BeanPostProcessor [loadBalancerWebClientBuilderBeanPostProcessor]? Check the corresponding BeanPostProcessor declaration and its dependencies.
2026-06-24 18:16:33 [main] INFO  org.springframework.cloud.gateway.route.RouteDefinitionRouteLocator - Loaded RoutePredicateFactory [After]
2026-06-24 18:16:33 [main] INFO  org.springframework.cloud.gateway.route.RouteDefinitionRouteLocator - Loaded RoutePredicateFactory [Before]
2026-06-24 18:16:33 [main] INFO  org.springframework.cloud.gateway.route.RouteDefinitionRouteLocator - Loaded RoutePredicateFactory [Between]
2026-06-24 18:16:33 [main] INFO  org.springframework.cloud.gateway.route.RouteDefinitionRouteLocator - Loaded RoutePredicateFactory [Cookie]
2026-06-24 18:16:33 [main] INFO  org.springframework.cloud.gateway.route.RouteDefinitionRouteLocator - Loaded RoutePredicateFactory [Header]
2026-06-24 18:16:33 [main] INFO  org.springframework.cloud.gateway.route.RouteDefinitionRouteLocator - Loaded RoutePredicateFactory [Host]
2026-06-24 18:16:33 [main] INFO  org.springframework.cloud.gateway.route.RouteDefinitionRouteLocator - Loaded RoutePredicateFactory [Method]
2026-06-24 18:16:33 [main] INFO  org.springframework.cloud.gateway.route.RouteDefinitionRouteLocator - Loaded RoutePredicateFactory [Path]
2026-06-24 18:16:33 [main] INFO  org.springframework.cloud.gateway.route.RouteDefinitionRouteLocator - Loaded RoutePredicateFactory [Query]
2026-06-24 18:16:33 [main] INFO  org.springframework.cloud.gateway.route.RouteDefinitionRouteLocator - Loaded RoutePredicateFactory [ReadBody]
2026-06-24 18:16:33 [main] INFO  org.springframework.cloud.gateway.route.RouteDefinitionRouteLocator - Loaded RoutePredicateFactory [RemoteAddr]
2026-06-24 18:16:33 [main] INFO  org.springframework.cloud.gateway.route.RouteDefinitionRouteLocator - Loaded RoutePredicateFactory [XForwardedRemoteAddr]
2026-06-24 18:16:33 [main] INFO  org.springframework.cloud.gateway.route.RouteDefinitionRouteLocator - Loaded RoutePredicateFactory [Weight]
2026-06-24 18:16:33 [main] INFO  org.springframework.cloud.gateway.route.RouteDefinitionRouteLocator - Loaded RoutePredicateFactory [CloudFoundryRouteService]
2026-06-24 18:16:33 [main] INFO  org.springframework.boot.actuate.endpoint.web.EndpointLinksResolver - Exposing 17 endpoint(s) beneath base path '/actuator'
2026-06-24 18:16:33 [main] INFO  org.springframework.cloud.netflix.eureka.config.DiscoveryClientOptionalArgsConfiguration - Eureka HTTP Client uses RestTemplate.
2026-06-24 18:16:33 [main] WARN  org.springframework.cloud.loadbalancer.config.LoadBalancerCacheAutoConfiguration$LoadBalancerCaffeineWarnLogger - Spring Cloud LoadBalancer is currently working with the default cache. While this cache implementation is useful for development and tests, it's recommended to use Caffeine cache in production.You can switch to using Caffeine cache, by adding it and org.springframework.cache.caffeine.CaffeineCacheManager to the classpath.
2026-06-24 18:16:33 [main] INFO  org.springframework.cloud.netflix.eureka.InstanceInfoFactory - Setting initial instance status as: STARTING
2026-06-24 18:16:33 [main] INFO  com.netflix.discovery.DiscoveryClient - Initializing Eureka in region us-east-1
2026-06-24 18:16:33 [main] INFO  com.netflix.discovery.shared.resolver.aws.ConfigClusterResolver - Resolving eureka endpoints via configuration
2026-06-24 18:16:33 [main] INFO  com.netflix.discovery.DiscoveryClient - Disable delta property : false
2026-06-24 18:16:33 [main] INFO  com.netflix.discovery.DiscoveryClient - Single vip registry refresh property : null
2026-06-24 18:16:33 [main] INFO  com.netflix.discovery.DiscoveryClient - Force full registry fetch : false
2026-06-24 18:16:33 [main] INFO  com.netflix.discovery.DiscoveryClient - Application is null : false
2026-06-24 18:16:33 [main] INFO  com.netflix.discovery.DiscoveryClient - Registered Applications size is zero : true
2026-06-24 18:16:33 [main] INFO  com.netflix.discovery.DiscoveryClient - Application version is -1: true
2026-06-24 18:16:33 [main] INFO  com.netflix.discovery.DiscoveryClient - Getting all instance registry info from the eureka server
2026-06-24 18:16:34 [main] INFO  com.netflix.discovery.DiscoveryClient - The response status is 200
2026-06-24 18:16:34 [main] INFO  com.netflix.discovery.DiscoveryClient - Starting heartbeat executor: renew interval is: 30
2026-06-24 18:16:34 [main] INFO  com.netflix.discovery.InstanceInfoReplicator - InstanceInfoReplicator onDemand update allowed rate per min is 4
2026-06-24 18:16:34 [main] INFO  com.netflix.discovery.DiscoveryClient - Discovery Client initialized at timestamp 1782339394051 with initial instances count: 4
2026-06-24 18:16:34 [main] INFO  org.springframework.cloud.netflix.eureka.serviceregistry.EurekaServiceRegistry - Registering application APIGATEWAY with eureka with status UP
2026-06-24 18:16:34 [main] INFO  com.netflix.discovery.DiscoveryClient - Saw local status change event StatusChangeEvent [timestamp=1782339394053, current=UP, previous=STARTING]
2026-06-24 18:16:34 [DiscoveryClient-InstanceInfoReplicator-0] INFO  com.netflix.discovery.DiscoveryClient - DiscoveryClient_APIGATEWAY/host.docker.internal:apiGateway:8085: registering service...
2026-06-24 18:16:34 [DiscoveryClient-InstanceInfoReplicator-0] INFO  com.netflix.discovery.DiscoveryClient - DiscoveryClient_APIGATEWAY/host.docker.internal:apiGateway:8085 - registration status: 204
2026-06-24 18:16:34 [main] INFO  org.springframework.boot.web.embedded.netty.NettyWebServer - Netty started on port 8085
2026-06-24 18:16:34 [main] INFO  org.springframework.cloud.netflix.eureka.serviceregistry.EurekaAutoServiceRegistration - Updating port to 8085
2026-06-24 18:16:34 [main] INFO  com.plataforma_lc.apiGateway.ApiGatewayApplication - Started ApiGatewayApplication in 2.982 seconds (process running for 3.317)
2026-06-24 18:17:49 [parallel-4] INFO  com.plataforma_lc.apiGateway.setups.GlobalPreFiltering - Global Pre filtering executed
2026-06-24 18:17:50 [reactor-http-nio-8] INFO  com.plataforma_lc.apiGateway.setups.GlobalPostFiltering - Global Post filtering executed
2026-06-24 18:17:50 [parallel-6] INFO  com.plataforma_lc.apiGateway.setups.GlobalPreFiltering - Global Pre filtering executed
2026-06-24 18:17:50 [reactor-http-nio-8] INFO  com.plataforma_lc.apiGateway.setups.GlobalPostFiltering - Global Post filtering executed
2026-06-24 18:20:23 [main] INFO  com.plataforma_lc.apiGateway.ApiGatewayApplication - Starting ApiGatewayApplication using Java 23 with PID 21676 (C:\Users\Olov\Desktop\plataforma_lc_digital\plataforma_lc\sistema_infra\apiGateway\target\classes started by Olov in C:\Users\Olov\Desktop\plataforma_lc_digital\plataforma_lc\sistema_infra\apiGateway)
2026-06-24 18:20:23 [main] INFO  com.plataforma_lc.apiGateway.ApiGatewayApplication - No active profile set, falling back to 1 default profile: "default"
2026-06-24 18:20:26 [main] INFO  org.springframework.cloud.context.scope.GenericScope - BeanFactory id=71acad9c-c34f-36e8-8483-960d94edf0cc
2026-06-24 18:20:26 [main] WARN  org.springframework.context.support.PostProcessorRegistrationDelegate$BeanPostProcessorChecker - Bean 'org.springframework.cloud.client.loadbalancer.LoadBalancerAutoConfiguration$LoadBalancerInterceptorConfig' of type [org.springframework.cloud.client.loadbalancer.LoadBalancerAutoConfiguration$LoadBalancerInterceptorConfig] is not eligible for getting processed by all BeanPostProcessors (for example: not eligible for auto-proxying). The currently created BeanPostProcessor [lbRestClientPostProcessor] is declared through a non-static factory method on that class; consider declaring it as static instead.
2026-06-24 18:20:26 [main] WARN  org.springframework.context.support.PostProcessorRegistrationDelegate$BeanPostProcessorChecker - Bean 'org.springframework.cloud.loadbalancer.config.BlockingLoadBalancerClientAutoConfiguration' of type [org.springframework.cloud.loadbalancer.config.BlockingLoadBalancerClientAutoConfiguration] is not eligible for getting processed by all BeanPostProcessors (for example: not eligible for auto-proxying). Is this bean getting eagerly injected into a currently created BeanPostProcessor [lbRestClientPostProcessor]? Check the corresponding BeanPostProcessor declaration and its dependencies.
2026-06-24 18:20:26 [main] WARN  org.springframework.context.support.PostProcessorRegistrationDelegate$BeanPostProcessorChecker - Bean 'org.springframework.cloud.loadbalancer.config.LoadBalancerAutoConfiguration' of type [org.springframework.cloud.loadbalancer.config.LoadBalancerAutoConfiguration] is not eligible for getting processed by all BeanPostProcessors (for example: not eligible for auto-proxying). Is this bean getting eagerly injected into a currently created BeanPostProcessor [lbRestClientPostProcessor]? Check the corresponding BeanPostProcessor declaration and its dependencies.
2026-06-24 18:20:26 [main] WARN  org.springframework.context.support.PostProcessorRegistrationDelegate$BeanPostProcessorChecker - Bean 'org.springframework.cloud.commons.config.CommonsConfigAutoConfiguration' of type [org.springframework.cloud.commons.config.CommonsConfigAutoConfiguration] is not eligible for getting processed by all BeanPostProcessors (for example: not eligible for auto-proxying). Is this bean getting eagerly injected into a currently created BeanPostProcessor [lbRestClientPostProcessor]? Check the corresponding BeanPostProcessor declaration and its dependencies.
2026-06-24 18:20:26 [main] WARN  org.springframework.context.support.PostProcessorRegistrationDelegate$BeanPostProcessorChecker - Bean 'org.springframework.cloud.client.loadbalancer.LoadBalancerDefaultMappingsProviderAutoConfiguration' of type [org.springframework.cloud.client.loadbalancer.LoadBalancerDefaultMappingsProviderAutoConfiguration] is not eligible for getting processed by all BeanPostProcessors (for example: not eligible for auto-proxying). Is this bean getting eagerly injected into a currently created BeanPostProcessor [lbRestClientPostProcessor]? Check the corresponding BeanPostProcessor declaration and its dependencies.
2026-06-24 18:20:26 [main] WARN  org.springframework.context.support.PostProcessorRegistrationDelegate$BeanPostProcessorChecker - Bean 'loadBalancerClientsDefaultsMappingsProvider' of type [org.springframework.cloud.client.loadbalancer.LoadBalancerDefaultMappingsProviderAutoConfiguration$$Lambda/0x0000023a01398eb8] is not eligible for getting processed by all BeanPostProcessors (for example: not eligible for auto-proxying). Is this bean getting eagerly injected into a currently created BeanPostProcessor [lbRestClientPostProcessor]? Check the corresponding BeanPostProcessor declaration and its dependencies.
2026-06-24 18:20:26 [main] WARN  org.springframework.context.support.PostProcessorRegistrationDelegate$BeanPostProcessorChecker - Bean 'defaultsBindHandlerAdvisor' of type [org.springframework.cloud.commons.config.DefaultsBindHandlerAdvisor] is not eligible for getting processed by all BeanPostProcessors (for example: not eligible for auto-proxying). Is this bean getting eagerly injected into a currently created BeanPostProcessor [lbRestClientPostProcessor]? Check the corresponding BeanPostProcessor declaration and its dependencies.
2026-06-24 18:20:26 [main] WARN  org.springframework.context.support.PostProcessorRegistrationDelegate$BeanPostProcessorChecker - Bean 'spring.cloud.loadbalancer-org.springframework.cloud.client.loadbalancer.LoadBalancerClientsProperties' of type [org.springframework.cloud.client.loadbalancer.LoadBalancerClientsProperties] is not eligible for getting processed by all BeanPostProcessors (for example: not eligible for auto-proxying). Is this bean getting eagerly injected into a currently created BeanPostProcessor [lbRestClientPostProcessor]? Check the corresponding BeanPostProcessor declaration and its dependencies.
2026-06-24 18:20:26 [main] WARN  org.springframework.context.support.PostProcessorRegistrationDelegate$BeanPostProcessorChecker - Bean 'default.org.springframework.cloud.loadbalancer.config.LoadBalancerAutoConfiguration.LoadBalancerClientSpecification' of type [org.springframework.cloud.loadbalancer.annotation.LoadBalancerClientSpecification] is not eligible for getting processed by all BeanPostProcessors (for example: not eligible for auto-proxying). Is this bean getting eagerly injected into a currently created BeanPostProcessor [lbRestClientPostProcessor]? Check the corresponding BeanPostProcessor declaration and its dependencies.
2026-06-24 18:20:26 [main] WARN  org.springframework.context.support.PostProcessorRegistrationDelegate$BeanPostProcessorChecker - Bean 'default.org.springframework.cloud.loadbalancer.config.BlockingLoadBalancerClientAutoConfiguration.LoadBalancerClientSpecification' of type [org.springframework.cloud.loadbalancer.annotation.LoadBalancerClientSpecification] is not eligible for getting processed by all BeanPostProcessors (for example: not eligible for auto-proxying). Is this bean getting eagerly injected into a currently created BeanPostProcessor [lbRestClientPostProcessor]? Check the corresponding BeanPostProcessor declaration and its dependencies.
2026-06-24 18:20:26 [main] WARN  org.springframework.context.support.PostProcessorRegistrationDelegate$BeanPostProcessorChecker - Bean 'default.org.springframework.cloud.netflix.eureka.loadbalancer.LoadBalancerEurekaAutoConfiguration.LoadBalancerClientSpecification' of type [org.springframework.cloud.loadbalancer.annotation.LoadBalancerClientSpecification] is not eligible for getting processed by all BeanPostProcessors (for example: not eligible for auto-proxying). Is this bean getting eagerly injected into a currently created BeanPostProcessor [lbRestClientPostProcessor]? Check the corresponding BeanPostProcessor declaration and its dependencies.
2026-06-24 18:20:26 [main] WARN  org.springframework.context.support.PostProcessorRegistrationDelegate$BeanPostProcessorChecker - Bean 'loadBalancerClientFactory' of type [org.springframework.cloud.loadbalancer.support.LoadBalancerClientFactory] is not eligible for getting processed by all BeanPostProcessors (for example: not eligible for auto-proxying). Is this bean getting eagerly injected into a currently created BeanPostProcessor [lbRestClientPostProcessor]? Check the corresponding BeanPostProcessor declaration and its dependencies.
2026-06-24 18:20:26 [main] WARN  org.springframework.context.support.PostProcessorRegistrationDelegate$BeanPostProcessorChecker - Bean 'blockingLoadBalancerClient' of type [org.springframework.cloud.loadbalancer.blocking.client.BlockingLoadBalancerClient] is not eligible for getting processed by all BeanPostProcessors (for example: not eligible for auto-proxying). Is this bean getting eagerly injected into a currently created BeanPostProcessor [lbRestClientPostProcessor]? Check the corresponding BeanPostProcessor declaration and its dependencies.
2026-06-24 18:20:26 [main] WARN  org.springframework.context.support.PostProcessorRegistrationDelegate$BeanPostProcessorChecker - Bean 'loadBalancerServiceInstanceCookieTransformer' of type [org.springframework.cloud.loadbalancer.core.LoadBalancerServiceInstanceCookieTransformer] is not eligible for getting processed by all BeanPostProcessors (for example: not eligible for auto-proxying). Is this bean getting eagerly injected into a currently created BeanPostProcessor [lbRestClientPostProcessor]? Check the corresponding BeanPostProcessor declaration and its dependencies.
2026-06-24 18:20:26 [main] WARN  org.springframework.context.support.PostProcessorRegistrationDelegate$BeanPostProcessorChecker - Bean 'xForwarderHeadersTransformer' of type [org.springframework.cloud.loadbalancer.blocking.XForwardedHeadersTransformer] is not eligible for getting processed by all BeanPostProcessors (for example: not eligible for auto-proxying). Is this bean getting eagerly injected into a currently created BeanPostProcessor [lbRestClientPostProcessor]? Check the corresponding BeanPostProcessor declaration and its dependencies.
2026-06-24 18:20:26 [main] WARN  org.springframework.context.support.PostProcessorRegistrationDelegate$BeanPostProcessorChecker - Bean 'org.springframework.cloud.client.loadbalancer.LoadBalancerAutoConfiguration' of type [org.springframework.cloud.client.loadbalancer.LoadBalancerAutoConfiguration] is not eligible for getting processed by all BeanPostProcessors (for example: not eligible for auto-proxying). Is this bean getting eagerly injected into a currently created BeanPostProcessor [lbRestClientPostProcessor]? Check the corresponding BeanPostProcessor declaration and its dependencies.
2026-06-24 18:20:26 [main] WARN  org.springframework.context.support.PostProcessorRegistrationDelegate$BeanPostProcessorChecker - Bean 'loadBalancerRequestFactory' of type [org.springframework.cloud.client.loadbalancer.LoadBalancerRequestFactory] is not eligible for getting processed by all BeanPostProcessors (for example: not eligible for auto-proxying). Is this bean getting eagerly injected into a currently created BeanPostProcessor [lbRestClientPostProcessor]? Check the corresponding BeanPostProcessor declaration and its dependencies.
2026-06-24 18:20:26 [main] WARN  org.springframework.context.support.PostProcessorRegistrationDelegate$BeanPostProcessorChecker - Bean 'loadBalancerInterceptor' of type [org.springframework.cloud.client.loadbalancer.LoadBalancerInterceptor] is not eligible for getting processed by all BeanPostProcessors (for example: not eligible for auto-proxying). Is this bean getting eagerly injected into a currently created BeanPostProcessor [lbRestClientPostProcessor]? Check the corresponding BeanPostProcessor declaration and its dependencies.
2026-06-24 18:20:26 [main] WARN  org.springframework.context.support.PostProcessorRegistrationDelegate$BeanPostProcessorChecker - Bean 'org.springframework.cloud.client.loadbalancer.reactive.LoadBalancerBeanPostProcessorAutoConfiguration' of type [org.springframework.cloud.client.loadbalancer.reactive.LoadBalancerBeanPostProcessorAutoConfiguration] is not eligible for getting processed by all BeanPostProcessors (for example: not eligible for auto-proxying). The currently created BeanPostProcessor [loadBalancerWebClientBuilderBeanPostProcessor] is declared through a non-static factory method on that class; consider declaring it as static instead.
2026-06-24 18:20:26 [main] WARN  org.springframework.context.support.PostProcessorRegistrationDelegate$BeanPostProcessorChecker - Bean 'org.springframework.cloud.client.loadbalancer.reactive.LoadBalancerBeanPostProcessorAutoConfiguration$ReactorDeferringLoadBalancerFilterConfig' of type [org.springframework.cloud.client.loadbalancer.reactive.LoadBalancerBeanPostProcessorAutoConfiguration$ReactorDeferringLoadBalancerFilterConfig] is not eligible for getting processed by all BeanPostProcessors (for example: not eligible for auto-proxying). Is this bean getting eagerly injected into a currently created BeanPostProcessor [loadBalancerWebClientBuilderBeanPostProcessor]? Check the corresponding BeanPostProcessor declaration and its dependencies.
2026-06-24 18:20:26 [main] WARN  org.springframework.context.support.PostProcessorRegistrationDelegate$BeanPostProcessorChecker - Bean 'reactorDeferringLoadBalancerExchangeFilterFunction' of type [org.springframework.cloud.client.loadbalancer.reactive.DeferringLoadBalancerExchangeFilterFunction] is not eligible for getting processed by all BeanPostProcessors (for example: not eligible for auto-proxying). Is this bean getting eagerly injected into a currently created BeanPostProcessor [loadBalancerWebClientBuilderBeanPostProcessor]? Check the corresponding BeanPostProcessor declaration and its dependencies.
2026-06-24 18:20:28 [main] INFO  org.springframework.cloud.gateway.route.RouteDefinitionRouteLocator - Loaded RoutePredicateFactory [After]
2026-06-24 18:20:28 [main] INFO  org.springframework.cloud.gateway.route.RouteDefinitionRouteLocator - Loaded RoutePredicateFactory [Before]
2026-06-24 18:20:28 [main] INFO  org.springframework.cloud.gateway.route.RouteDefinitionRouteLocator - Loaded RoutePredicateFactory [Between]
2026-06-24 18:20:28 [main] INFO  org.springframework.cloud.gateway.route.RouteDefinitionRouteLocator - Loaded RoutePredicateFactory [Cookie]
2026-06-24 18:20:28 [main] INFO  org.springframework.cloud.gateway.route.RouteDefinitionRouteLocator - Loaded RoutePredicateFactory [Header]
2026-06-24 18:20:28 [main] INFO  org.springframework.cloud.gateway.route.RouteDefinitionRouteLocator - Loaded RoutePredicateFactory [Host]
2026-06-24 18:20:28 [main] INFO  org.springframework.cloud.gateway.route.RouteDefinitionRouteLocator - Loaded RoutePredicateFactory [Method]
2026-06-24 18:20:28 [main] INFO  org.springframework.cloud.gateway.route.RouteDefinitionRouteLocator - Loaded RoutePredicateFactory [Path]
2026-06-24 18:20:28 [main] INFO  org.springframework.cloud.gateway.route.RouteDefinitionRouteLocator - Loaded RoutePredicateFactory [Query]
2026-06-24 18:20:28 [main] INFO  org.springframework.cloud.gateway.route.RouteDefinitionRouteLocator - Loaded RoutePredicateFactory [ReadBody]
2026-06-24 18:20:28 [main] INFO  org.springframework.cloud.gateway.route.RouteDefinitionRouteLocator - Loaded RoutePredicateFactory [RemoteAddr]
2026-06-24 18:20:28 [main] INFO  org.springframework.cloud.gateway.route.RouteDefinitionRouteLocator - Loaded RoutePredicateFactory [XForwardedRemoteAddr]
2026-06-24 18:20:28 [main] INFO  org.springframework.cloud.gateway.route.RouteDefinitionRouteLocator - Loaded RoutePredicateFactory [Weight]
2026-06-24 18:20:28 [main] INFO  org.springframework.cloud.gateway.route.RouteDefinitionRouteLocator - Loaded RoutePredicateFactory [CloudFoundryRouteService]
2026-06-24 18:20:29 [main] INFO  org.springframework.boot.actuate.endpoint.web.EndpointLinksResolver - Exposing 17 endpoint(s) beneath base path '/actuator'
2026-06-24 18:20:29 [main] INFO  org.springframework.cloud.netflix.eureka.config.DiscoveryClientOptionalArgsConfiguration - Eureka HTTP Client uses RestTemplate.
2026-06-24 18:20:29 [main] WARN  org.springframework.cloud.loadbalancer.config.LoadBalancerCacheAutoConfiguration$LoadBalancerCaffeineWarnLogger - Spring Cloud LoadBalancer is currently working with the default cache. While this cache implementation is useful for development and tests, it's recommended to use Caffeine cache in production.You can switch to using Caffeine cache, by adding it and org.springframework.cache.caffeine.CaffeineCacheManager to the classpath.
2026-06-24 18:20:30 [main] INFO  org.springframework.cloud.netflix.eureka.InstanceInfoFactory - Setting initial instance status as: STARTING
2026-06-24 18:20:30 [main] INFO  com.netflix.discovery.DiscoveryClient - Initializing Eureka in region us-east-1
2026-06-24 18:20:30 [main] INFO  com.netflix.discovery.shared.resolver.aws.ConfigClusterResolver - Resolving eureka endpoints via configuration
2026-06-24 18:20:30 [main] INFO  com.netflix.discovery.DiscoveryClient - Disable delta property : false
2026-06-24 18:20:30 [main] INFO  com.netflix.discovery.DiscoveryClient - Single vip registry refresh property : null
2026-06-24 18:20:30 [main] INFO  com.netflix.discovery.DiscoveryClient - Force full registry fetch : false
2026-06-24 18:20:30 [main] INFO  com.netflix.discovery.DiscoveryClient - Application is null : false
2026-06-24 18:20:30 [main] INFO  com.netflix.discovery.DiscoveryClient - Registered Applications size is zero : true
2026-06-24 18:20:30 [main] INFO  com.netflix.discovery.DiscoveryClient - Application version is -1: true
2026-06-24 18:20:30 [main] INFO  com.netflix.discovery.DiscoveryClient - Getting all instance registry info from the eureka server
2026-06-24 18:20:30 [main] INFO  com.netflix.discovery.DiscoveryClient - The response status is 200
2026-06-24 18:20:30 [main] INFO  com.netflix.discovery.DiscoveryClient - Starting heartbeat executor: renew interval is: 30
2026-06-24 18:20:30 [main] INFO  com.netflix.discovery.InstanceInfoReplicator - InstanceInfoReplicator onDemand update allowed rate per min is 4
2026-06-24 18:20:30 [main] INFO  com.netflix.discovery.DiscoveryClient - Discovery Client initialized at timestamp 1782339630957 with initial instances count: 0
2026-06-24 18:20:30 [main] INFO  org.springframework.cloud.netflix.eureka.serviceregistry.EurekaServiceRegistry - Registering application APIGATEWAY with eureka with status UP
2026-06-24 18:20:30 [main] INFO  com.netflix.discovery.DiscoveryClient - Saw local status change event StatusChangeEvent [timestamp=1782339630962, current=UP, previous=STARTING]
2026-06-24 18:20:30 [DiscoveryClient-InstanceInfoReplicator-0] INFO  com.netflix.discovery.DiscoveryClient - DiscoveryClient_APIGATEWAY/host.docker.internal:apiGateway:8085: registering service...
2026-06-24 18:20:31 [DiscoveryClient-InstanceInfoReplicator-0] INFO  com.netflix.discovery.DiscoveryClient - DiscoveryClient_APIGATEWAY/host.docker.internal:apiGateway:8085 - registration status: 204
2026-06-24 18:20:31 [main] INFO  org.springframework.boot.web.embedded.netty.NettyWebServer - Netty started on port 8085
2026-06-24 18:20:31 [main] INFO  org.springframework.cloud.netflix.eureka.serviceregistry.EurekaAutoServiceRegistration - Updating port to 8085
2026-06-24 18:20:31 [main] INFO  com.plataforma_lc.apiGateway.ApiGatewayApplication - Started ApiGatewayApplication in 8.655 seconds (process running for 9.435)
2026-06-24 18:21:00 [DiscoveryClient-CacheRefreshExecutor-0] INFO  com.netflix.discovery.DiscoveryClient - Disable delta property : false
2026-06-24 18:21:00 [DiscoveryClient-CacheRefreshExecutor-0] INFO  com.netflix.discovery.DiscoveryClient - Single vip registry refresh property : null
2026-06-24 18:21:00 [DiscoveryClient-CacheRefreshExecutor-0] INFO  com.netflix.discovery.DiscoveryClient - Force full registry fetch : false
2026-06-24 18:21:00 [DiscoveryClient-CacheRefreshExecutor-0] INFO  com.netflix.discovery.DiscoveryClient - Application is null : false
2026-06-24 18:21:00 [DiscoveryClient-CacheRefreshExecutor-0] INFO  com.netflix.discovery.DiscoveryClient - Registered Applications size is zero : true
2026-06-24 18:21:00 [DiscoveryClient-CacheRefreshExecutor-0] INFO  com.netflix.discovery.DiscoveryClient - Application version is -1: false
2026-06-24 18:21:00 [DiscoveryClient-CacheRefreshExecutor-0] INFO  com.netflix.discovery.DiscoveryClient - Getting all instance registry info from the eureka server
2026-06-24 18:21:00 [DiscoveryClient-CacheRefreshExecutor-0] INFO  com.netflix.discovery.DiscoveryClient - The response status is 200
2026-06-24 18:23:46 [main] INFO  com.plataforma_lc.apiGateway.ApiGatewayApplication - Starting ApiGatewayApplication using Java 23 with PID 17844 (C:\Users\Olov\Desktop\plataforma_lc_digital\plataforma_lc\sistema_infra\apiGateway\target\classes started by Olov in C:\Users\Olov\Desktop\plataforma_lc_digital\plataforma_lc\sistema_infra\apiGateway)
2026-06-24 18:23:46 [main] INFO  com.plataforma_lc.apiGateway.ApiGatewayApplication - No active profile set, falling back to 1 default profile: "default"
2026-06-24 18:23:46 [main] INFO  org.springframework.cloud.context.scope.GenericScope - BeanFactory id=71acad9c-c34f-36e8-8483-960d94edf0cc
2026-06-24 18:23:47 [main] WARN  org.springframework.context.support.PostProcessorRegistrationDelegate$BeanPostProcessorChecker - Bean 'org.springframework.cloud.client.loadbalancer.LoadBalancerAutoConfiguration$LoadBalancerInterceptorConfig' of type [org.springframework.cloud.client.loadbalancer.LoadBalancerAutoConfiguration$LoadBalancerInterceptorConfig] is not eligible for getting processed by all BeanPostProcessors (for example: not eligible for auto-proxying). The currently created BeanPostProcessor [lbRestClientPostProcessor] is declared through a non-static factory method on that class; consider declaring it as static instead.
2026-06-24 18:23:47 [main] WARN  org.springframework.context.support.PostProcessorRegistrationDelegate$BeanPostProcessorChecker - Bean 'org.springframework.cloud.loadbalancer.config.BlockingLoadBalancerClientAutoConfiguration' of type [org.springframework.cloud.loadbalancer.config.BlockingLoadBalancerClientAutoConfiguration] is not eligible for getting processed by all BeanPostProcessors (for example: not eligible for auto-proxying). Is this bean getting eagerly injected into a currently created BeanPostProcessor [lbRestClientPostProcessor]? Check the corresponding BeanPostProcessor declaration and its dependencies.
2026-06-24 18:23:47 [main] WARN  org.springframework.context.support.PostProcessorRegistrationDelegate$BeanPostProcessorChecker - Bean 'org.springframework.cloud.loadbalancer.config.LoadBalancerAutoConfiguration' of type [org.springframework.cloud.loadbalancer.config.LoadBalancerAutoConfiguration] is not eligible for getting processed by all BeanPostProcessors (for example: not eligible for auto-proxying). Is this bean getting eagerly injected into a currently created BeanPostProcessor [lbRestClientPostProcessor]? Check the corresponding BeanPostProcessor declaration and its dependencies.
2026-06-24 18:23:47 [main] WARN  org.springframework.context.support.PostProcessorRegistrationDelegate$BeanPostProcessorChecker - Bean 'org.springframework.cloud.commons.config.CommonsConfigAutoConfiguration' of type [org.springframework.cloud.commons.config.CommonsConfigAutoConfiguration] is not eligible for getting processed by all BeanPostProcessors (for example: not eligible for auto-proxying). Is this bean getting eagerly injected into a currently created BeanPostProcessor [lbRestClientPostProcessor]? Check the corresponding BeanPostProcessor declaration and its dependencies.
2026-06-24 18:23:47 [main] WARN  org.springframework.context.support.PostProcessorRegistrationDelegate$BeanPostProcessorChecker - Bean 'org.springframework.cloud.client.loadbalancer.LoadBalancerDefaultMappingsProviderAutoConfiguration' of type [org.springframework.cloud.client.loadbalancer.LoadBalancerDefaultMappingsProviderAutoConfiguration] is not eligible for getting processed by all BeanPostProcessors (for example: not eligible for auto-proxying). Is this bean getting eagerly injected into a currently created BeanPostProcessor [lbRestClientPostProcessor]? Check the corresponding BeanPostProcessor declaration and its dependencies.
2026-06-24 18:23:47 [main] WARN  org.springframework.context.support.PostProcessorRegistrationDelegate$BeanPostProcessorChecker - Bean 'loadBalancerClientsDefaultsMappingsProvider' of type [org.springframework.cloud.client.loadbalancer.LoadBalancerDefaultMappingsProviderAutoConfiguration$$Lambda/0x0000026d5539d128] is not eligible for getting processed by all BeanPostProcessors (for example: not eligible for auto-proxying). Is this bean getting eagerly injected into a currently created BeanPostProcessor [lbRestClientPostProcessor]? Check the corresponding BeanPostProcessor declaration and its dependencies.
2026-06-24 18:23:47 [main] WARN  org.springframework.context.support.PostProcessorRegistrationDelegate$BeanPostProcessorChecker - Bean 'defaultsBindHandlerAdvisor' of type [org.springframework.cloud.commons.config.DefaultsBindHandlerAdvisor] is not eligible for getting processed by all BeanPostProcessors (for example: not eligible for auto-proxying). Is this bean getting eagerly injected into a currently created BeanPostProcessor [lbRestClientPostProcessor]? Check the corresponding BeanPostProcessor declaration and its dependencies.
2026-06-24 18:23:47 [main] WARN  org.springframework.context.support.PostProcessorRegistrationDelegate$BeanPostProcessorChecker - Bean 'spring.cloud.loadbalancer-org.springframework.cloud.client.loadbalancer.LoadBalancerClientsProperties' of type [org.springframework.cloud.client.loadbalancer.LoadBalancerClientsProperties] is not eligible for getting processed by all BeanPostProcessors (for example: not eligible for auto-proxying). Is this bean getting eagerly injected into a currently created BeanPostProcessor [lbRestClientPostProcessor]? Check the corresponding BeanPostProcessor declaration and its dependencies.
2026-06-24 18:23:47 [main] WARN  org.springframework.context.support.PostProcessorRegistrationDelegate$BeanPostProcessorChecker - Bean 'default.org.springframework.cloud.loadbalancer.config.LoadBalancerAutoConfiguration.LoadBalancerClientSpecification' of type [org.springframework.cloud.loadbalancer.annotation.LoadBalancerClientSpecification] is not eligible for getting processed by all BeanPostProcessors (for example: not eligible for auto-proxying). Is this bean getting eagerly injected into a currently created BeanPostProcessor [lbRestClientPostProcessor]? Check the corresponding BeanPostProcessor declaration and its dependencies.
2026-06-24 18:23:47 [main] WARN  org.springframework.context.support.PostProcessorRegistrationDelegate$BeanPostProcessorChecker - Bean 'default.org.springframework.cloud.loadbalancer.config.BlockingLoadBalancerClientAutoConfiguration.LoadBalancerClientSpecification' of type [org.springframework.cloud.loadbalancer.annotation.LoadBalancerClientSpecification] is not eligible for getting processed by all BeanPostProcessors (for example: not eligible for auto-proxying). Is this bean getting eagerly injected into a currently created BeanPostProcessor [lbRestClientPostProcessor]? Check the corresponding BeanPostProcessor declaration and its dependencies.
2026-06-24 18:23:47 [main] WARN  org.springframework.context.support.PostProcessorRegistrationDelegate$BeanPostProcessorChecker - Bean 'default.org.springframework.cloud.netflix.eureka.loadbalancer.LoadBalancerEurekaAutoConfiguration.LoadBalancerClientSpecification' of type [org.springframework.cloud.loadbalancer.annotation.LoadBalancerClientSpecification] is not eligible for getting processed by all BeanPostProcessors (for example: not eligible for auto-proxying). Is this bean getting eagerly injected into a currently created BeanPostProcessor [lbRestClientPostProcessor]? Check the corresponding BeanPostProcessor declaration and its dependencies.
2026-06-24 18:23:47 [main] WARN  org.springframework.context.support.PostProcessorRegistrationDelegate$BeanPostProcessorChecker - Bean 'loadBalancerClientFactory' of type [org.springframework.cloud.loadbalancer.support.LoadBalancerClientFactory] is not eligible for getting processed by all BeanPostProcessors (for example: not eligible for auto-proxying). Is this bean getting eagerly injected into a currently created BeanPostProcessor [lbRestClientPostProcessor]? Check the corresponding BeanPostProcessor declaration and its dependencies.
2026-06-24 18:23:47 [main] WARN  org.springframework.context.support.PostProcessorRegistrationDelegate$BeanPostProcessorChecker - Bean 'blockingLoadBalancerClient' of type [org.springframework.cloud.loadbalancer.blocking.client.BlockingLoadBalancerClient] is not eligible for getting processed by all BeanPostProcessors (for example: not eligible for auto-proxying). Is this bean getting eagerly injected into a currently created BeanPostProcessor [lbRestClientPostProcessor]? Check the corresponding BeanPostProcessor declaration and its dependencies.
2026-06-24 18:23:47 [main] WARN  org.springframework.context.support.PostProcessorRegistrationDelegate$BeanPostProcessorChecker - Bean 'loadBalancerServiceInstanceCookieTransformer' of type [org.springframework.cloud.loadbalancer.core.LoadBalancerServiceInstanceCookieTransformer] is not eligible for getting processed by all BeanPostProcessors (for example: not eligible for auto-proxying). Is this bean getting eagerly injected into a currently created BeanPostProcessor [lbRestClientPostProcessor]? Check the corresponding BeanPostProcessor declaration and its dependencies.
2026-06-24 18:23:47 [main] WARN  org.springframework.context.support.PostProcessorRegistrationDelegate$BeanPostProcessorChecker - Bean 'xForwarderHeadersTransformer' of type [org.springframework.cloud.loadbalancer.blocking.XForwardedHeadersTransformer] is not eligible for getting processed by all BeanPostProcessors (for example: not eligible for auto-proxying). Is this bean getting eagerly injected into a currently created BeanPostProcessor [lbRestClientPostProcessor]? Check the corresponding BeanPostProcessor declaration and its dependencies.
2026-06-24 18:23:47 [main] WARN  org.springframework.context.support.PostProcessorRegistrationDelegate$BeanPostProcessorChecker - Bean 'org.springframework.cloud.client.loadbalancer.LoadBalancerAutoConfiguration' of type [org.springframework.cloud.client.loadbalancer.LoadBalancerAutoConfiguration] is not eligible for getting processed by all BeanPostProcessors (for example: not eligible for auto-proxying). Is this bean getting eagerly injected into a currently created BeanPostProcessor [lbRestClientPostProcessor]? Check the corresponding BeanPostProcessor declaration and its dependencies.
2026-06-24 18:23:47 [main] WARN  org.springframework.context.support.PostProcessorRegistrationDelegate$BeanPostProcessorChecker - Bean 'loadBalancerRequestFactory' of type [org.springframework.cloud.client.loadbalancer.LoadBalancerRequestFactory] is not eligible for getting processed by all BeanPostProcessors (for example: not eligible for auto-proxying). Is this bean getting eagerly injected into a currently created BeanPostProcessor [lbRestClientPostProcessor]? Check the corresponding BeanPostProcessor declaration and its dependencies.
2026-06-24 18:23:47 [main] WARN  org.springframework.context.support.PostProcessorRegistrationDelegate$BeanPostProcessorChecker - Bean 'loadBalancerInterceptor' of type [org.springframework.cloud.client.loadbalancer.LoadBalancerInterceptor] is not eligible for getting processed by all BeanPostProcessors (for example: not eligible for auto-proxying). Is this bean getting eagerly injected into a currently created BeanPostProcessor [lbRestClientPostProcessor]? Check the corresponding BeanPostProcessor declaration and its dependencies.
2026-06-24 18:23:47 [main] WARN  org.springframework.context.support.PostProcessorRegistrationDelegate$BeanPostProcessorChecker - Bean 'org.springframework.cloud.client.loadbalancer.reactive.LoadBalancerBeanPostProcessorAutoConfiguration' of type [org.springframework.cloud.client.loadbalancer.reactive.LoadBalancerBeanPostProcessorAutoConfiguration] is not eligible for getting processed by all BeanPostProcessors (for example: not eligible for auto-proxying). The currently created BeanPostProcessor [loadBalancerWebClientBuilderBeanPostProcessor] is declared through a non-static factory method on that class; consider declaring it as static instead.
2026-06-24 18:23:47 [main] WARN  org.springframework.context.support.PostProcessorRegistrationDelegate$BeanPostProcessorChecker - Bean 'org.springframework.cloud.client.loadbalancer.reactive.LoadBalancerBeanPostProcessorAutoConfiguration$ReactorDeferringLoadBalancerFilterConfig' of type [org.springframework.cloud.client.loadbalancer.reactive.LoadBalancerBeanPostProcessorAutoConfiguration$ReactorDeferringLoadBalancerFilterConfig] is not eligible for getting processed by all BeanPostProcessors (for example: not eligible for auto-proxying). Is this bean getting eagerly injected into a currently created BeanPostProcessor [loadBalancerWebClientBuilderBeanPostProcessor]? Check the corresponding BeanPostProcessor declaration and its dependencies.
2026-06-24 18:23:47 [main] WARN  org.springframework.context.support.PostProcessorRegistrationDelegate$BeanPostProcessorChecker - Bean 'reactorDeferringLoadBalancerExchangeFilterFunction' of type [org.springframework.cloud.client.loadbalancer.reactive.DeferringLoadBalancerExchangeFilterFunction] is not eligible for getting processed by all BeanPostProcessors (for example: not eligible for auto-proxying). Is this bean getting eagerly injected into a currently created BeanPostProcessor [loadBalancerWebClientBuilderBeanPostProcessor]? Check the corresponding BeanPostProcessor declaration and its dependencies.
2026-06-24 18:23:47 [main] INFO  org.springframework.cloud.gateway.route.RouteDefinitionRouteLocator - Loaded RoutePredicateFactory [After]
2026-06-24 18:23:47 [main] INFO  org.springframework.cloud.gateway.route.RouteDefinitionRouteLocator - Loaded RoutePredicateFactory [Before]
2026-06-24 18:23:47 [main] INFO  org.springframework.cloud.gateway.route.RouteDefinitionRouteLocator - Loaded RoutePredicateFactory [Between]
2026-06-24 18:23:47 [main] INFO  org.springframework.cloud.gateway.route.RouteDefinitionRouteLocator - Loaded RoutePredicateFactory [Cookie]
2026-06-24 18:23:47 [main] INFO  org.springframework.cloud.gateway.route.RouteDefinitionRouteLocator - Loaded RoutePredicateFactory [Header]
2026-06-24 18:23:47 [main] INFO  org.springframework.cloud.gateway.route.RouteDefinitionRouteLocator - Loaded RoutePredicateFactory [Host]
2026-06-24 18:23:47 [main] INFO  org.springframework.cloud.gateway.route.RouteDefinitionRouteLocator - Loaded RoutePredicateFactory [Method]
2026-06-24 18:23:47 [main] INFO  org.springframework.cloud.gateway.route.RouteDefinitionRouteLocator - Loaded RoutePredicateFactory [Path]
2026-06-24 18:23:47 [main] INFO  org.springframework.cloud.gateway.route.RouteDefinitionRouteLocator - Loaded RoutePredicateFactory [Query]
2026-06-24 18:23:47 [main] INFO  org.springframework.cloud.gateway.route.RouteDefinitionRouteLocator - Loaded RoutePredicateFactory [ReadBody]
2026-06-24 18:23:47 [main] INFO  org.springframework.cloud.gateway.route.RouteDefinitionRouteLocator - Loaded RoutePredicateFactory [RemoteAddr]
2026-06-24 18:23:47 [main] INFO  org.springframework.cloud.gateway.route.RouteDefinitionRouteLocator - Loaded RoutePredicateFactory [XForwardedRemoteAddr]
2026-06-24 18:23:47 [main] INFO  org.springframework.cloud.gateway.route.RouteDefinitionRouteLocator - Loaded RoutePredicateFactory [Weight]
2026-06-24 18:23:47 [main] INFO  org.springframework.cloud.gateway.route.RouteDefinitionRouteLocator - Loaded RoutePredicateFactory [CloudFoundryRouteService]
2026-06-24 18:23:47 [main] INFO  org.springframework.boot.actuate.endpoint.web.EndpointLinksResolver - Exposing 17 endpoint(s) beneath base path '/actuator'
2026-06-24 18:23:47 [main] INFO  org.springframework.cloud.netflix.eureka.config.DiscoveryClientOptionalArgsConfiguration - Eureka HTTP Client uses RestTemplate.
2026-06-24 18:23:47 [main] WARN  org.springframework.cloud.loadbalancer.config.LoadBalancerCacheAutoConfiguration$LoadBalancerCaffeineWarnLogger - Spring Cloud LoadBalancer is currently working with the default cache. While this cache implementation is useful for development and tests, it's recommended to use Caffeine cache in production.You can switch to using Caffeine cache, by adding it and org.springframework.cache.caffeine.CaffeineCacheManager to the classpath.
2026-06-24 18:23:47 [main] INFO  org.springframework.cloud.netflix.eureka.InstanceInfoFactory - Setting initial instance status as: STARTING
2026-06-24 18:23:48 [main] INFO  com.netflix.discovery.DiscoveryClient - Initializing Eureka in region us-east-1
2026-06-24 18:23:48 [main] INFO  com.netflix.discovery.shared.resolver.aws.ConfigClusterResolver - Resolving eureka endpoints via configuration
2026-06-24 18:23:48 [main] INFO  com.netflix.discovery.DiscoveryClient - Disable delta property : false
2026-06-24 18:23:48 [main] INFO  com.netflix.discovery.DiscoveryClient - Single vip registry refresh property : null
2026-06-24 18:23:48 [main] INFO  com.netflix.discovery.DiscoveryClient - Force full registry fetch : false
2026-06-24 18:23:48 [main] INFO  com.netflix.discovery.DiscoveryClient - Application is null : false
2026-06-24 18:23:48 [main] INFO  com.netflix.discovery.DiscoveryClient - Registered Applications size is zero : true
2026-06-24 18:23:48 [main] INFO  com.netflix.discovery.DiscoveryClient - Application version is -1: true
2026-06-24 18:23:48 [main] INFO  com.netflix.discovery.DiscoveryClient - Getting all instance registry info from the eureka server
2026-06-24 18:23:48 [main] INFO  com.netflix.discovery.DiscoveryClient - The response status is 200
2026-06-24 18:23:48 [main] INFO  com.netflix.discovery.DiscoveryClient - Starting heartbeat executor: renew interval is: 30
2026-06-24 18:23:48 [main] INFO  com.netflix.discovery.InstanceInfoReplicator - InstanceInfoReplicator onDemand update allowed rate per min is 4
2026-06-24 18:23:48 [main] INFO  com.netflix.discovery.DiscoveryClient - Discovery Client initialized at timestamp 1782339828327 with initial instances count: 0
2026-06-24 18:23:48 [main] INFO  org.springframework.cloud.netflix.eureka.serviceregistry.EurekaServiceRegistry - Registering application APIGATEWAY with eureka with status UP
2026-06-24 18:23:48 [main] INFO  com.netflix.discovery.DiscoveryClient - Saw local status change event StatusChangeEvent [timestamp=1782339828330, current=UP, previous=STARTING]
2026-06-24 18:23:48 [DiscoveryClient-InstanceInfoReplicator-0] INFO  com.netflix.discovery.DiscoveryClient - DiscoveryClient_APIGATEWAY/host.docker.internal:apiGateway:8085: registering service...
2026-06-24 18:23:48 [DiscoveryClient-InstanceInfoReplicator-0] INFO  com.netflix.discovery.DiscoveryClient - DiscoveryClient_APIGATEWAY/host.docker.internal:apiGateway:8085 - registration status: 204
2026-06-24 18:23:48 [main] INFO  org.springframework.boot.web.embedded.netty.NettyWebServer - Netty started on port 8085
2026-06-24 18:23:48 [main] INFO  org.springframework.cloud.netflix.eureka.serviceregistry.EurekaAutoServiceRegistration - Updating port to 8085
2026-06-24 18:23:48 [main] INFO  com.plataforma_lc.apiGateway.ApiGatewayApplication - Started ApiGatewayApplication in 2.654 seconds (process running for 2.985)
2026-06-24 18:24:18 [DiscoveryClient-CacheRefreshExecutor-0] INFO  com.netflix.discovery.DiscoveryClient - Disable delta property : false
2026-06-24 18:24:18 [DiscoveryClient-CacheRefreshExecutor-0] INFO  com.netflix.discovery.DiscoveryClient - Single vip registry refresh property : null
2026-06-24 18:24:18 [DiscoveryClient-CacheRefreshExecutor-0] INFO  com.netflix.discovery.DiscoveryClient - Force full registry fetch : false
2026-06-24 18:24:18 [DiscoveryClient-CacheRefreshExecutor-0] INFO  com.netflix.discovery.DiscoveryClient - Application is null : false
2026-06-24 18:24:18 [DiscoveryClient-CacheRefreshExecutor-0] INFO  com.netflix.discovery.DiscoveryClient - Registered Applications size is zero : true
2026-06-24 18:24:18 [DiscoveryClient-CacheRefreshExecutor-0] INFO  com.netflix.discovery.DiscoveryClient - Application version is -1: false
2026-06-24 18:24:18 [DiscoveryClient-CacheRefreshExecutor-0] INFO  com.netflix.discovery.DiscoveryClient - Getting all instance registry info from the eureka server
2026-06-24 18:24:18 [DiscoveryClient-CacheRefreshExecutor-0] INFO  com.netflix.discovery.DiscoveryClient - The response status is 200
2026-06-24 18:25:13 [parallel-7] INFO  com.plataforma_lc.apiGateway.setups.GlobalPreFiltering - Global Pre filtering executed
2026-06-24 18:25:13 [reactor-http-nio-8] INFO  com.plataforma_lc.apiGateway.setups.GlobalPostFiltering - Global Post filtering executed
2026-06-24 18:25:13 [parallel-9] INFO  com.plataforma_lc.apiGateway.setups.GlobalPreFiltering - Global Pre filtering executed
2026-06-24 18:25:13 [reactor-http-nio-8] INFO  com.plataforma_lc.apiGateway.setups.GlobalPostFiltering - Global Post filtering executed
2026-06-24 18:25:15 [parallel-10] INFO  com.plataforma_lc.apiGateway.setups.GlobalPreFiltering - Global Pre filtering executed
2026-06-24 18:25:15 [reactor-http-nio-8] INFO  com.plataforma_lc.apiGateway.setups.GlobalPostFiltering - Global Post filtering executed
2026-06-24 18:25:15 [parallel-11] INFO  com.plataforma_lc.apiGateway.setups.GlobalPreFiltering - Global Pre filtering executed
2026-06-24 18:25:15 [reactor-http-nio-8] INFO  com.plataforma_lc.apiGateway.setups.GlobalPostFiltering - Global Post filtering executed
2026-06-24 18:25:15 [parallel-12] INFO  com.plataforma_lc.apiGateway.setups.GlobalPreFiltering - Global Pre filtering executed
2026-06-24 18:25:16 [reactor-http-nio-9] INFO  com.plataforma_lc.apiGateway.setups.GlobalPostFiltering - Global Post filtering executed
2026-06-24 18:25:16 [parallel-2] INFO  com.plataforma_lc.apiGateway.setups.GlobalPreFiltering - Global Pre filtering executed
2026-06-24 18:25:16 [reactor-http-nio-9] INFO  com.plataforma_lc.apiGateway.setups.GlobalPostFiltering - Global Post filtering executed
2026-06-24 18:25:17 [parallel-3] INFO  com.plataforma_lc.apiGateway.setups.GlobalPreFiltering - Global Pre filtering executed
2026-06-24 18:25:17 [parallel-4] INFO  com.plataforma_lc.apiGateway.setups.GlobalPreFiltering - Global Pre filtering executed
2026-06-24 18:25:17 [reactor-http-nio-9] INFO  com.plataforma_lc.apiGateway.setups.GlobalPostFiltering - Global Post filtering executed
2026-06-24 18:25:17 [parallel-6] INFO  com.plataforma_lc.apiGateway.setups.GlobalPreFiltering - Global Pre filtering executed
2026-06-24 18:25:17 [reactor-http-nio-9] INFO  com.plataforma_lc.apiGateway.setups.GlobalPostFiltering - Global Post filtering executed
2026-06-24 18:25:17 [reactor-http-nio-11] INFO  com.plataforma_lc.apiGateway.setups.GlobalPostFiltering - Global Post filtering executed
2026-06-24 18:25:17 [parallel-7] INFO  com.plataforma_lc.apiGateway.setups.GlobalPreFiltering - Global Pre filtering executed
2026-06-24 18:25:17 [reactor-http-nio-11] INFO  com.plataforma_lc.apiGateway.setups.GlobalPostFiltering - Global Post filtering executed
2026-06-24 18:25:24 [parallel-8] INFO  com.plataforma_lc.apiGateway.setups.GlobalPreFiltering - Global Pre filtering executed
2026-06-24 18:25:24 [reactor-http-nio-11] INFO  com.plataforma_lc.apiGateway.setups.GlobalPostFiltering - Global Post filtering executed
2026-06-24 18:25:26 [parallel-10] INFO  com.plataforma_lc.apiGateway.setups.GlobalPreFiltering - Global Pre filtering executed
2026-06-24 18:25:26 [reactor-http-nio-8] INFO  com.plataforma_lc.apiGateway.setups.GlobalPostFiltering - Global Post filtering executed
2026-06-24 18:25:26 [parallel-11] INFO  com.plataforma_lc.apiGateway.setups.GlobalPreFiltering - Global Pre filtering executed
2026-06-24 18:25:26 [parallel-12] INFO  com.plataforma_lc.apiGateway.setups.GlobalPreFiltering - Global Pre filtering executed
2026-06-24 18:25:26 [reactor-http-nio-8] INFO  com.plataforma_lc.apiGateway.setups.GlobalPostFiltering - Global Post filtering executed
2026-06-24 18:25:26 [reactor-http-nio-9] INFO  com.plataforma_lc.apiGateway.setups.GlobalPostFiltering - Global Post filtering executed
2026-06-24 18:25:26 [parallel-1] INFO  com.plataforma_lc.apiGateway.setups.GlobalPreFiltering - Global Pre filtering executed
2026-06-24 18:25:26 [reactor-http-nio-9] INFO  com.plataforma_lc.apiGateway.setups.GlobalPostFiltering - Global Post filtering executed
2026-06-24 18:25:27 [parallel-2] INFO  com.plataforma_lc.apiGateway.setups.GlobalPreFiltering - Global Pre filtering executed
2026-06-24 18:25:27 [parallel-3] INFO  com.plataforma_lc.apiGateway.setups.GlobalPreFiltering - Global Pre filtering executed
2026-06-24 18:25:27 [reactor-http-nio-12] INFO  com.plataforma_lc.apiGateway.setups.GlobalPostFiltering - Global Post filtering executed
2026-06-24 18:25:27 [parallel-4] INFO  com.plataforma_lc.apiGateway.setups.GlobalPreFiltering - Global Pre filtering executed
2026-06-24 18:25:27 [reactor-http-nio-12] INFO  com.plataforma_lc.apiGateway.setups.GlobalPostFiltering - Global Post filtering executed
2026-06-24 18:25:27 [reactor-http-nio-9] INFO  com.plataforma_lc.apiGateway.setups.GlobalPostFiltering - Global Post filtering executed
2026-06-24 18:25:27 [parallel-5] INFO  com.plataforma_lc.apiGateway.setups.GlobalPreFiltering - Global Pre filtering executed
2026-06-24 18:25:27 [reactor-http-nio-9] INFO  com.plataforma_lc.apiGateway.setups.GlobalPostFiltering - Global Post filtering executed
2026-06-24 18:25:33 [parallel-6] INFO  com.plataforma_lc.apiGateway.setups.GlobalPreFiltering - Global Pre filtering executed
2026-06-24 18:25:33 [reactor-http-nio-12] INFO  com.plataforma_lc.apiGateway.setups.GlobalPostFiltering - Global Post filtering executed
2026-06-24 18:25:35 [parallel-7] INFO  com.plataforma_lc.apiGateway.setups.GlobalPreFiltering - Global Pre filtering executed
2026-06-24 18:25:35 [reactor-http-nio-8] INFO  com.plataforma_lc.apiGateway.setups.GlobalPostFiltering - Global Post filtering executed
2026-06-24 18:25:35 [parallel-8] INFO  com.plataforma_lc.apiGateway.setups.GlobalPreFiltering - Global Pre filtering executed
2026-06-24 18:25:35 [parallel-9] INFO  com.plataforma_lc.apiGateway.setups.GlobalPreFiltering - Global Pre filtering executed
2026-06-24 18:25:35 [reactor-http-nio-8] INFO  com.plataforma_lc.apiGateway.setups.GlobalPostFiltering - Global Post filtering executed
2026-06-24 18:25:35 [reactor-http-nio-9] INFO  com.plataforma_lc.apiGateway.setups.GlobalPostFiltering - Global Post filtering executed
2026-06-24 18:25:35 [parallel-10] INFO  com.plataforma_lc.apiGateway.setups.GlobalPreFiltering - Global Pre filtering executed
2026-06-24 18:25:35 [reactor-http-nio-9] INFO  com.plataforma_lc.apiGateway.setups.GlobalPostFiltering - Global Post filtering executed
2026-06-24 18:25:36 [parallel-11] INFO  com.plataforma_lc.apiGateway.setups.GlobalPreFiltering - Global Pre filtering executed
2026-06-24 18:25:36 [parallel-12] INFO  com.plataforma_lc.apiGateway.setups.GlobalPreFiltering - Global Pre filtering executed
2026-06-24 18:25:36 [reactor-http-nio-1] INFO  com.plataforma_lc.apiGateway.setups.GlobalPostFiltering - Global Post filtering executed
2026-06-24 18:25:36 [parallel-1] INFO  com.plataforma_lc.apiGateway.setups.GlobalPreFiltering - Global Pre filtering executed
2026-06-24 18:25:36 [reactor-http-nio-1] INFO  com.plataforma_lc.apiGateway.setups.GlobalPostFiltering - Global Post filtering executed
2026-06-24 18:25:36 [reactor-http-nio-9] INFO  com.plataforma_lc.apiGateway.setups.GlobalPostFiltering - Global Post filtering executed
2026-06-24 18:25:36 [parallel-2] INFO  com.plataforma_lc.apiGateway.setups.GlobalPreFiltering - Global Pre filtering executed
2026-06-24 18:25:36 [reactor-http-nio-9] INFO  com.plataforma_lc.apiGateway.setups.GlobalPostFiltering - Global Post filtering executed
2026-06-24 18:25:42 [parallel-3] INFO  com.plataforma_lc.apiGateway.setups.GlobalPreFiltering - Global Pre filtering executed
2026-06-24 18:25:42 [reactor-http-nio-1] INFO  com.plataforma_lc.apiGateway.setups.GlobalPostFiltering - Global Post filtering executed
2026-06-24 18:26:20 [parallel-7] INFO  com.plataforma_lc.apiGateway.setups.GlobalPreFiltering - Global Pre filtering executed
2026-06-24 18:26:20 [reactor-http-nio-8] INFO  com.plataforma_lc.apiGateway.setups.GlobalPostFiltering - Global Post filtering executed
2026-06-24 18:26:20 [parallel-9] INFO  com.plataforma_lc.apiGateway.setups.GlobalPreFiltering - Global Pre filtering executed
2026-06-24 18:26:20 [reactor-http-nio-8] INFO  com.plataforma_lc.apiGateway.setups.GlobalPostFiltering - Global Post filtering executed
2026-06-24 18:26:24 [parallel-10] INFO  com.plataforma_lc.apiGateway.setups.GlobalPreFiltering - Global Pre filtering executed
2026-06-24 18:26:24 [reactor-http-nio-9] INFO  com.plataforma_lc.apiGateway.setups.GlobalPostFiltering - Global Post filtering executed
2026-06-24 18:26:24 [parallel-12] INFO  com.plataforma_lc.apiGateway.setups.GlobalPreFiltering - Global Pre filtering executed
2026-06-24 18:26:24 [reactor-http-nio-9] INFO  com.plataforma_lc.apiGateway.setups.GlobalPostFiltering - Global Post filtering executed
2026-06-24 18:26:24 [parallel-1] INFO  com.plataforma_lc.apiGateway.setups.GlobalPreFiltering - Global Pre filtering executed
2026-06-24 18:26:24 [reactor-http-nio-2] INFO  com.plataforma_lc.apiGateway.setups.GlobalPostFiltering - Global Post filtering executed
2026-06-24 18:26:24 [parallel-3] INFO  com.plataforma_lc.apiGateway.setups.GlobalPreFiltering - Global Pre filtering executed
2026-06-24 18:26:24 [reactor-http-nio-2] INFO  com.plataforma_lc.apiGateway.setups.GlobalPostFiltering - Global Post filtering executed
2026-06-24 18:26:31 [parallel-5] INFO  com.plataforma_lc.apiGateway.setups.GlobalPreFiltering - Global Pre filtering executed
2026-06-24 18:26:31 [reactor-http-nio-2] INFO  com.plataforma_lc.apiGateway.setups.GlobalPostFiltering - Global Post filtering executed
2026-06-24 18:26:37 [parallel-6] INFO  com.plataforma_lc.apiGateway.setups.GlobalPreFiltering - Global Pre filtering executed
2026-06-24 18:26:37 [reactor-http-nio-3] INFO  com.plataforma_lc.apiGateway.setups.GlobalPostFiltering - Global Post filtering executed
2026-06-24 18:26:44 [parallel-7] INFO  com.plataforma_lc.apiGateway.setups.GlobalPreFiltering - Global Pre filtering executed
2026-06-24 18:26:44 [reactor-http-nio-8] INFO  com.plataforma_lc.apiGateway.setups.GlobalPostFiltering - Global Post filtering executed
2026-06-24 18:26:44 [parallel-8] INFO  com.plataforma_lc.apiGateway.setups.GlobalPreFiltering - Global Pre filtering executed
2026-06-24 18:26:44 [reactor-http-nio-8] INFO  com.plataforma_lc.apiGateway.setups.GlobalPostFiltering - Global Post filtering executed
2026-06-24 18:26:47 [parallel-10] INFO  com.plataforma_lc.apiGateway.setups.GlobalPreFiltering - Global Pre filtering executed
2026-06-24 18:26:47 [reactor-http-nio-9] INFO  com.plataforma_lc.apiGateway.setups.GlobalPostFiltering - Global Post filtering executed
2026-06-24 18:26:47 [parallel-11] INFO  com.plataforma_lc.apiGateway.setups.GlobalPreFiltering - Global Pre filtering executed
2026-06-24 18:26:47 [reactor-http-nio-9] INFO  com.plataforma_lc.apiGateway.setups.GlobalPostFiltering - Global Post filtering executed
2026-06-24 18:28:11 [parallel-5] INFO  com.plataforma_lc.apiGateway.setups.GlobalPreFiltering - Global Pre filtering executed
2026-06-24 18:28:11 [reactor-http-nio-4] INFO  com.plataforma_lc.apiGateway.setups.GlobalPostFiltering - Global Post filtering executed
2026-06-24 18:28:11 [parallel-7] INFO  com.plataforma_lc.apiGateway.setups.GlobalPreFiltering - Global Pre filtering executed
2026-06-24 18:28:11 [reactor-http-nio-4] INFO  com.plataforma_lc.apiGateway.setups.GlobalPostFiltering - Global Post filtering executed
2026-06-24 18:28:19 [parallel-9] INFO  com.plataforma_lc.apiGateway.setups.GlobalPreFiltering - Global Pre filtering executed
2026-06-24 18:28:19 [reactor-http-nio-4] INFO  com.plataforma_lc.apiGateway.setups.GlobalPostFiltering - Global Post filtering executed
2026-06-24 18:28:19 [parallel-10] INFO  com.plataforma_lc.apiGateway.setups.GlobalPreFiltering - Global Pre filtering executed
2026-06-24 18:28:19 [reactor-http-nio-4] INFO  com.plataforma_lc.apiGateway.setups.GlobalPostFiltering - Global Post filtering executed
2026-06-24 18:28:24 [parallel-11] INFO  com.plataforma_lc.apiGateway.setups.GlobalPreFiltering - Global Pre filtering executed
2026-06-24 18:28:24 [reactor-http-nio-4] INFO  com.plataforma_lc.apiGateway.setups.GlobalPostFiltering - Global Post filtering executed
2026-06-24 18:28:24 [parallel-12] INFO  com.plataforma_lc.apiGateway.setups.GlobalPreFiltering - Global Pre filtering executed
2026-06-24 18:28:24 [parallel-1] INFO  com.plataforma_lc.apiGateway.setups.GlobalPreFiltering - Global Pre filtering executed
2026-06-24 18:28:24 [reactor-http-nio-4] INFO  com.plataforma_lc.apiGateway.setups.GlobalPostFiltering - Global Post filtering executed
2026-06-24 18:28:24 [reactor-http-nio-5] INFO  com.plataforma_lc.apiGateway.setups.GlobalPostFiltering - Global Post filtering executed
2026-06-24 18:28:24 [parallel-3] INFO  com.plataforma_lc.apiGateway.setups.GlobalPreFiltering - Global Pre filtering executed
2026-06-24 18:28:24 [reactor-http-nio-5] INFO  com.plataforma_lc.apiGateway.setups.GlobalPostFiltering - Global Post filtering executed
2026-06-24 18:28:29 [parallel-4] INFO  com.plataforma_lc.apiGateway.setups.GlobalPreFiltering - Global Pre filtering executed
2026-06-24 18:28:29 [parallel-5] INFO  com.plataforma_lc.apiGateway.setups.GlobalPreFiltering - Global Pre filtering executed
2026-06-24 18:28:29 [reactor-http-nio-6] INFO  com.plataforma_lc.apiGateway.setups.GlobalPostFiltering - Global Post filtering executed
2026-06-24 18:28:29 [parallel-7] INFO  com.plataforma_lc.apiGateway.setups.GlobalPreFiltering - Global Pre filtering executed
2026-06-24 18:28:29 [reactor-http-nio-6] INFO  com.plataforma_lc.apiGateway.setups.GlobalPostFiltering - Global Post filtering executed
2026-06-24 18:28:29 [reactor-http-nio-5] INFO  com.plataforma_lc.apiGateway.setups.GlobalPostFiltering - Global Post filtering executed
2026-06-24 18:28:29 [parallel-8] INFO  com.plataforma_lc.apiGateway.setups.GlobalPreFiltering - Global Pre filtering executed
2026-06-24 18:28:29 [reactor-http-nio-5] INFO  com.plataforma_lc.apiGateway.setups.GlobalPostFiltering - Global Post filtering executed
2026-06-24 18:28:37 [parallel-10] INFO  com.plataforma_lc.apiGateway.setups.GlobalPreFiltering - Global Pre filtering executed
2026-06-24 18:28:37 [reactor-http-nio-6] INFO  com.plataforma_lc.apiGateway.setups.GlobalPostFiltering - Global Post filtering executed
2026-06-24 18:28:48 [AsyncResolver-bootstrap-executor-0] INFO  com.netflix.discovery.shared.resolver.aws.ConfigClusterResolver - Resolving eureka endpoints via configuration
2026-06-24 18:29:16 [parallel-1] INFO  com.plataforma_lc.apiGateway.setups.GlobalPreFiltering - Global Pre filtering executed
2026-06-24 18:29:16 [reactor-http-nio-4] INFO  com.plataforma_lc.apiGateway.setups.GlobalPostFiltering - Global Post filtering executed
2026-06-24 18:29:16 [parallel-3] INFO  com.plataforma_lc.apiGateway.setups.GlobalPreFiltering - Global Pre filtering executed
2026-06-24 18:29:16 [reactor-http-nio-4] INFO  com.plataforma_lc.apiGateway.setups.GlobalPostFiltering - Global Post filtering executed
2026-06-24 18:29:20 [parallel-4] INFO  com.plataforma_lc.apiGateway.setups.GlobalPreFiltering - Global Pre filtering executed
2026-06-24 18:29:20 [reactor-http-nio-7] INFO  com.plataforma_lc.apiGateway.setups.GlobalPostFiltering - Global Post filtering executed
2026-06-24 18:29:20 [parallel-6] INFO  com.plataforma_lc.apiGateway.setups.GlobalPreFiltering - Global Pre filtering executed
2026-06-24 18:29:20 [reactor-http-nio-7] INFO  com.plataforma_lc.apiGateway.setups.GlobalPostFiltering - Global Post filtering executed
2026-06-24 18:29:23 [parallel-7] INFO  com.plataforma_lc.apiGateway.setups.GlobalPreFiltering - Global Pre filtering executed
2026-06-24 18:29:23 [reactor-http-nio-7] INFO  com.plataforma_lc.apiGateway.setups.GlobalPostFiltering - Global Post filtering executed
2026-06-24 18:29:23 [parallel-8] INFO  com.plataforma_lc.apiGateway.setups.GlobalPreFiltering - Global Pre filtering executed
2026-06-24 18:29:23 [reactor-http-nio-7] INFO  com.plataforma_lc.apiGateway.setups.GlobalPostFiltering - Global Post filtering executed
2026-06-24 18:29:30 [parallel-9] INFO  com.plataforma_lc.apiGateway.setups.GlobalPreFiltering - Global Pre filtering executed
2026-06-24 18:29:30 [reactor-http-nio-8] INFO  com.plataforma_lc.apiGateway.setups.GlobalPostFiltering - Global Post filtering executed
2026-06-24 18:29:30 [parallel-11] INFO  com.plataforma_lc.apiGateway.setups.GlobalPreFiltering - Global Pre filtering executed
2026-06-24 18:29:30 [reactor-http-nio-8] INFO  com.plataforma_lc.apiGateway.setups.GlobalPostFiltering - Global Post filtering executed
2026-06-24 18:29:33 [parallel-12] INFO  com.plataforma_lc.apiGateway.setups.GlobalPreFiltering - Global Pre filtering executed
2026-06-24 18:29:33 [reactor-http-nio-4] INFO  com.plataforma_lc.apiGateway.setups.GlobalPostFiltering - Global Post filtering executed
2026-06-24 18:29:33 [parallel-1] INFO  com.plataforma_lc.apiGateway.setups.GlobalPreFiltering - Global Pre filtering executed
2026-06-24 18:29:33 [reactor-http-nio-4] INFO  com.plataforma_lc.apiGateway.setups.GlobalPostFiltering - Global Post filtering executed
2026-06-24 18:29:34 [parallel-2] INFO  com.plataforma_lc.apiGateway.setups.GlobalPreFiltering - Global Pre filtering executed
2026-06-24 18:29:34 [reactor-http-nio-8] INFO  com.plataforma_lc.apiGateway.setups.GlobalPostFiltering - Global Post filtering executed
2026-06-24 18:29:34 [parallel-3] INFO  com.plataforma_lc.apiGateway.setups.GlobalPreFiltering - Global Pre filtering executed
2026-06-24 18:29:34 [reactor-http-nio-8] INFO  com.plataforma_lc.apiGateway.setups.GlobalPostFiltering - Global Post filtering executed
2026-06-24 18:29:36 [parallel-5] INFO  com.plataforma_lc.apiGateway.setups.GlobalPreFiltering - Global Pre filtering executed
2026-06-24 18:29:36 [reactor-http-nio-4] INFO  com.plataforma_lc.apiGateway.setups.GlobalPostFiltering - Global Post filtering executed
2026-06-24 18:29:36 [parallel-6] INFO  com.plataforma_lc.apiGateway.setups.GlobalPreFiltering - Global Pre filtering executed
2026-06-24 18:29:36 [reactor-http-nio-4] INFO  com.plataforma_lc.apiGateway.setups.GlobalPostFiltering - Global Post filtering executed
2026-06-24 18:29:37 [parallel-7] INFO  com.plataforma_lc.apiGateway.setups.GlobalPreFiltering - Global Pre filtering executed
2026-06-24 18:29:37 [reactor-http-nio-8] INFO  com.plataforma_lc.apiGateway.setups.GlobalPostFiltering - Global Post filtering executed
2026-06-24 18:29:37 [parallel-8] INFO  com.plataforma_lc.apiGateway.setups.GlobalPreFiltering - Global Pre filtering executed
2026-06-24 18:29:37 [reactor-http-nio-8] INFO  com.plataforma_lc.apiGateway.setups.GlobalPostFiltering - Global Post filtering executed
2026-06-24 18:29:40 [parallel-9] INFO  com.plataforma_lc.apiGateway.setups.GlobalPreFiltering - Global Pre filtering executed
2026-06-24 18:29:40 [reactor-http-nio-7] INFO  com.plataforma_lc.apiGateway.setups.GlobalPostFiltering - Global Post filtering executed
2026-06-24 18:29:40 [parallel-10] INFO  com.plataforma_lc.apiGateway.setups.GlobalPreFiltering - Global Pre filtering executed
2026-06-24 18:29:40 [reactor-http-nio-7] INFO  com.plataforma_lc.apiGateway.setups.GlobalPostFiltering - Global Post filtering executed
2026-06-24 18:29:52 [parallel-11] INFO  com.plataforma_lc.apiGateway.setups.GlobalPreFiltering - Global Pre filtering executed
2026-06-24 18:29:52 [reactor-http-nio-7] INFO  com.plataforma_lc.apiGateway.setups.GlobalPostFiltering - Global Post filtering executed
2026-06-24 18:29:56 [parallel-2] INFO  com.plataforma_lc.apiGateway.setups.GlobalPreFiltering - Global Pre filtering executed
2026-06-24 18:29:56 [reactor-http-nio-8] INFO  com.plataforma_lc.apiGateway.setups.GlobalPostFiltering - Global Post filtering executed
2026-06-24 18:29:56 [parallel-3] INFO  com.plataforma_lc.apiGateway.setups.GlobalPreFiltering - Global Pre filtering executed
2026-06-24 18:29:56 [reactor-http-nio-8] INFO  com.plataforma_lc.apiGateway.setups.GlobalPostFiltering - Global Post filtering executed
2026-06-24 18:29:57 [parallel-4] INFO  com.plataforma_lc.apiGateway.setups.GlobalPreFiltering - Global Pre filtering executed
2026-06-24 18:29:57 [reactor-http-nio-4] INFO  com.plataforma_lc.apiGateway.setups.GlobalPostFiltering - Global Post filtering executed
2026-06-24 18:29:57 [parallel-6] INFO  com.plataforma_lc.apiGateway.setups.GlobalPreFiltering - Global Pre filtering executed
2026-06-24 18:29:57 [reactor-http-nio-4] INFO  com.plataforma_lc.apiGateway.setups.GlobalPostFiltering - Global Post filtering executed
2026-06-24 18:29:57 [parallel-7] INFO  com.plataforma_lc.apiGateway.setups.GlobalPreFiltering - Global Pre filtering executed
2026-06-24 18:29:57 [reactor-http-nio-8] INFO  com.plataforma_lc.apiGateway.setups.GlobalPostFiltering - Global Post filtering executed
2026-06-24 18:29:57 [parallel-8] INFO  com.plataforma_lc.apiGateway.setups.GlobalPreFiltering - Global Pre filtering executed
2026-06-24 18:29:57 [reactor-http-nio-8] INFO  com.plataforma_lc.apiGateway.setups.GlobalPostFiltering - Global Post filtering executed
2026-06-24 18:30:01 [parallel-9] INFO  com.plataforma_lc.apiGateway.setups.GlobalPreFiltering - Global Pre filtering executed
2026-06-24 18:30:01 [reactor-http-nio-4] INFO  com.plataforma_lc.apiGateway.setups.GlobalPostFiltering - Global Post filtering executed
2026-06-24 18:30:01 [parallel-10] INFO  com.plataforma_lc.apiGateway.setups.GlobalPreFiltering - Global Pre filtering executed
2026-06-24 18:30:01 [reactor-http-nio-4] INFO  com.plataforma_lc.apiGateway.setups.GlobalPostFiltering - Global Post filtering executed
2026-06-24 18:30:03 [parallel-11] INFO  com.plataforma_lc.apiGateway.setups.GlobalPreFiltering - Global Pre filtering executed
2026-06-24 18:30:03 [reactor-http-nio-9] INFO  com.plataforma_lc.apiGateway.setups.GlobalPostFiltering - Global Post filtering executed
2026-06-24 18:30:03 [parallel-1] INFO  com.plataforma_lc.apiGateway.setups.GlobalPreFiltering - Global Pre filtering executed
2026-06-24 18:30:03 [reactor-http-nio-9] INFO  com.plataforma_lc.apiGateway.setups.GlobalPostFiltering - Global Post filtering executed
2026-06-24 18:30:06 [parallel-2] INFO  com.plataforma_lc.apiGateway.setups.GlobalPreFiltering - Global Pre filtering executed
2026-06-24 18:30:06 [reactor-http-nio-9] INFO  com.plataforma_lc.apiGateway.setups.GlobalPostFiltering - Global Post filtering executed
2026-06-24 18:30:16 [parallel-4] INFO  com.plataforma_lc.apiGateway.setups.GlobalPreFiltering - Global Pre filtering executed
2026-06-24 18:30:16 [reactor-http-nio-8] INFO  com.plataforma_lc.apiGateway.setups.GlobalPostFiltering - Global Post filtering executed
2026-06-24 18:30:16 [parallel-6] INFO  com.plataforma_lc.apiGateway.setups.GlobalPreFiltering - Global Pre filtering executed
2026-06-24 18:30:16 [reactor-http-nio-8] INFO  com.plataforma_lc.apiGateway.setups.GlobalPostFiltering - Global Post filtering executed
2026-06-24 18:30:19 [parallel-7] INFO  com.plataforma_lc.apiGateway.setups.GlobalPreFiltering - Global Pre filtering executed
2026-06-24 18:30:19 [reactor-http-nio-4] INFO  com.plataforma_lc.apiGateway.setups.GlobalPostFiltering - Global Post filtering executed
2026-06-24 18:30:19 [parallel-8] INFO  com.plataforma_lc.apiGateway.setups.GlobalPreFiltering - Global Pre filtering executed
2026-06-24 18:30:19 [reactor-http-nio-4] INFO  com.plataforma_lc.apiGateway.setups.GlobalPostFiltering - Global Post filtering executed
2026-06-24 18:30:21 [parallel-9] INFO  com.plataforma_lc.apiGateway.setups.GlobalPreFiltering - Global Pre filtering executed
2026-06-24 18:30:21 [reactor-http-nio-8] INFO  com.plataforma_lc.apiGateway.setups.GlobalPostFiltering - Global Post filtering executed
2026-06-24 18:30:21 [parallel-10] INFO  com.plataforma_lc.apiGateway.setups.GlobalPreFiltering - Global Pre filtering executed
2026-06-24 18:30:21 [reactor-http-nio-8] INFO  com.plataforma_lc.apiGateway.setups.GlobalPostFiltering - Global Post filtering executed
2026-06-24 18:30:24 [parallel-11] INFO  com.plataforma_lc.apiGateway.setups.GlobalPreFiltering - Global Pre filtering executed
2026-06-24 18:30:24 [reactor-http-nio-4] INFO  com.plataforma_lc.apiGateway.setups.GlobalPostFiltering - Global Post filtering executed
2026-06-24 18:30:24 [parallel-12] INFO  com.plataforma_lc.apiGateway.setups.GlobalPreFiltering - Global Pre filtering executed
2026-06-24 18:30:24 [reactor-http-nio-4] INFO  com.plataforma_lc.apiGateway.setups.GlobalPostFiltering - Global Post filtering executed
2026-06-24 18:30:27 [parallel-1] INFO  com.plataforma_lc.apiGateway.setups.GlobalPreFiltering - Global Pre filtering executed
2026-06-24 18:30:27 [reactor-http-nio-10] INFO  com.plataforma_lc.apiGateway.setups.GlobalPostFiltering - Global Post filtering executed
2026-06-24 18:30:27 [parallel-2] INFO  com.plataforma_lc.apiGateway.setups.GlobalPreFiltering - Global Pre filtering executed
2026-06-24 18:30:27 [reactor-http-nio-10] INFO  com.plataforma_lc.apiGateway.setups.GlobalPostFiltering - Global Post filtering executed
2026-06-24 18:30:32 [parallel-3] INFO  com.plataforma_lc.apiGateway.setups.GlobalPreFiltering - Global Pre filtering executed
2026-06-24 18:30:32 [reactor-http-nio-10] INFO  com.plataforma_lc.apiGateway.setups.GlobalPostFiltering - Global Post filtering executed
2026-06-24 18:33:48 [AsyncResolver-bootstrap-executor-0] INFO  com.netflix.discovery.shared.resolver.aws.ConfigClusterResolver - Resolving eureka endpoints via configuration
2026-06-24 18:38:48 [AsyncResolver-bootstrap-executor-0] INFO  com.netflix.discovery.shared.resolver.aws.ConfigClusterResolver - Resolving eureka endpoints via configuration
2026-06-24 18:43:48 [AsyncResolver-bootstrap-executor-0] INFO  com.netflix.discovery.shared.resolver.aws.ConfigClusterResolver - Resolving eureka endpoints via configuration
2026-06-24 18:48:48 [AsyncResolver-bootstrap-executor-0] INFO  com.netflix.discovery.shared.resolver.aws.ConfigClusterResolver - Resolving eureka endpoints via configuration
2026-06-24 18:53:48 [AsyncResolver-bootstrap-executor-0] INFO  com.netflix.discovery.shared.resolver.aws.ConfigClusterResolver - Resolving eureka endpoints via configuration
2026-06-24 18:58:48 [AsyncResolver-bootstrap-executor-0] INFO  com.netflix.discovery.shared.resolver.aws.ConfigClusterResolver - Resolving eureka endpoints via configuration
2026-06-24 19:03:48 [AsyncResolver-bootstrap-executor-0] INFO  com.netflix.discovery.shared.resolver.aws.ConfigClusterResolver - Resolving eureka endpoints via configuration
2026-06-24 19:08:48 [AsyncResolver-bootstrap-executor-0] INFO  com.netflix.discovery.shared.resolver.aws.ConfigClusterResolver - Resolving eureka endpoints via configuration
2026-06-24 19:13:48 [AsyncResolver-bootstrap-executor-0] INFO  com.netflix.discovery.shared.resolver.aws.ConfigClusterResolver - Resolving eureka endpoints via configuration
2026-06-24 19:18:48 [AsyncResolver-bootstrap-executor-0] INFO  com.netflix.discovery.shared.resolver.aws.ConfigClusterResolver - Resolving eureka endpoints via configuration
2026-06-24 19:23:48 [AsyncResolver-bootstrap-executor-0] INFO  com.netflix.discovery.shared.resolver.aws.ConfigClusterResolver - Resolving eureka endpoints via configuration
2026-06-24 19:28:48 [AsyncResolver-bootstrap-executor-0] INFO  com.netflix.discovery.shared.resolver.aws.ConfigClusterResolver - Resolving eureka endpoints via configuration
2026-06-24 19:33:48 [AsyncResolver-bootstrap-executor-0] INFO  com.netflix.discovery.shared.resolver.aws.ConfigClusterResolver - Resolving eureka endpoints via configuration
2026-06-24 19:38:48 [AsyncResolver-bootstrap-executor-0] INFO  com.netflix.discovery.shared.resolver.aws.ConfigClusterResolver - Resolving eureka endpoints via configuration
2026-06-24 19:43:48 [AsyncResolver-bootstrap-executor-0] INFO  com.netflix.discovery.shared.resolver.aws.ConfigClusterResolver - Resolving eureka endpoints via configuration
2026-06-24 19:48:48 [AsyncResolver-bootstrap-executor-0] INFO  com.netflix.discovery.shared.resolver.aws.ConfigClusterResolver - Resolving eureka endpoints via configuration
2026-06-24 19:53:48 [AsyncResolver-bootstrap-executor-0] INFO  com.netflix.discovery.shared.resolver.aws.ConfigClusterResolver - Resolving eureka endpoints via configuration
2026-06-24 19:58:48 [AsyncResolver-bootstrap-executor-0] INFO  com.netflix.discovery.shared.resolver.aws.ConfigClusterResolver - Resolving eureka endpoints via configuration
2026-06-24 20:03:48 [AsyncResolver-bootstrap-executor-0] INFO  com.netflix.discovery.shared.resolver.aws.ConfigClusterResolver - Resolving eureka endpoints via configuration
2026-06-24 20:08:48 [AsyncResolver-bootstrap-executor-0] INFO  com.netflix.discovery.shared.resolver.aws.ConfigClusterResolver - Resolving eureka endpoints via configuration
2026-06-24 20:13:48 [AsyncResolver-bootstrap-executor-0] INFO  com.netflix.discovery.shared.resolver.aws.ConfigClusterResolver - Resolving eureka endpoints via configuration
2026-06-24 20:18:48 [AsyncResolver-bootstrap-executor-0] INFO  com.netflix.discovery.shared.resolver.aws.ConfigClusterResolver - Resolving eureka endpoints via configuration
2026-06-24 20:23:48 [AsyncResolver-bootstrap-executor-0] INFO  com.netflix.discovery.shared.resolver.aws.ConfigClusterResolver - Resolving eureka endpoints via configuration
2026-06-24 20:28:48 [AsyncResolver-bootstrap-executor-0] INFO  com.netflix.discovery.shared.resolver.aws.ConfigClusterResolver - Resolving eureka endpoints via configuration
2026-06-24 20:33:48 [AsyncResolver-bootstrap-executor-0] INFO  com.netflix.discovery.shared.resolver.aws.ConfigClusterResolver - Resolving eureka endpoints via configuration
2026-06-24 20:38:48 [AsyncResolver-bootstrap-executor-0] INFO  com.netflix.discovery.shared.resolver.aws.ConfigClusterResolver - Resolving eureka endpoints via configuration
2026-06-24 20:43:48 [AsyncResolver-bootstrap-executor-0] INFO  com.netflix.discovery.shared.resolver.aws.ConfigClusterResolver - Resolving eureka endpoints via configuration
2026-06-24 20:48:48 [AsyncResolver-bootstrap-executor-0] INFO  com.netflix.discovery.shared.resolver.aws.ConfigClusterResolver - Resolving eureka endpoints via configuration
2026-06-24 20:53:48 [AsyncResolver-bootstrap-executor-0] INFO  com.netflix.discovery.shared.resolver.aws.ConfigClusterResolver - Resolving eureka endpoints via configuration
